Component: ARM Compiler 5.06 update 6 (build 750) Tool: armlink [4d35ed]

==============================================================================

Section Cross References

    startup.o(RESET) refers to startup.o(STACK) for StackMem
    startup.o(RESET) refers to entry.o(.ARM.Collect$$$$00000000) for __main
    ece473lab3.o(i.ADCInit) refers to sysctl.o(i.SysCtlPeripheralEnable) for SysCtlPeripheralEnable
    ece473lab3.o(i.ADCInit) refers to adc.o(i.ADCSequenceConfigure) for ADCSequenceConfigure
    ece473lab3.o(i.ADCInit) refers to adc.o(i.ADCSequenceStepConfigure) for ADCSequenceStepConfigure
    ece473lab3.o(i.ADCInit) refers to adc.o(i.ADCSequenceEnable) for ADCSequenceEnable
    ece473lab3.o(i.ADCInit) refers to adc.o(i.ADCIntClear) for ADCIntClear
    ece473lab3.o(i.ADCInit_RangeSenor) refers to sysctl.o(i.SysCtlPeripheralEnable) for SysCtlPeripheralEnable
    ece473lab3.o(i.ADCInit_RangeSenor) refers to adc.o(i.ADCSequenceConfigure) for ADCSequenceConfigure
    ece473lab3.o(i.ADCInit_RangeSenor) refers to adc.o(i.ADCSequenceStepConfigure) for ADCSequenceStepConfigure
    ece473lab3.o(i.ADCInit_RangeSenor) refers to adc.o(i.ADCSequenceEnable) for ADCSequenceEnable
    ece473lab3.o(i.ADCInit_RangeSenor) refers to adc.o(i.ADCIntClear) for ADCIntClear
    ece473lab3.o(i.InitConsole) refers to sysctl.o(i.SysCtlPeripheralEnable) for SysCtlPeripheralEnable
    ece473lab3.o(i.InitConsole) refers to gpio.o(i.GPIOPinConfigure) for GPIOPinConfigure
    ece473lab3.o(i.InitConsole) refers to uart.o(i.UARTClockSourceSet) for UARTClockSourceSet
    ece473lab3.o(i.InitConsole) refers to gpio.o(i.GPIOPinTypeUART) for GPIOPinTypeUART
    ece473lab3.o(i.InitConsole) refers to uartstdio.o(i.UARTStdioConfig) for UARTStdioConfig
    ece473lab3.o(i.PrintTemps) refers to uartstdio.o(i.UARTprintf) for UARTprintf
    ece473lab3.o(i.Print_Distance_Time) refers to f2d.o(.text) for __aeabi_f2d
    ece473lab3.o(i.Print_Distance_Time) refers to printfa.o(i.__0sprintf) for __2sprintf
    ece473lab3.o(i.Print_Distance_Time) refers to uartstdio.o(i.UARTprintf) for UARTprintf
    ece473lab3.o(i.Print_Distance_Time) refers to ece473lab3.o(.data) for time_msec
    ece473lab3.o(i.SysTick_IRQ_Handler) refers to ece473lab3.o(.data) for time_msec
    ece473lab3.o(i.main) refers to sysctl.o(i.SysCtlClockSet) for SysCtlClockSet
    ece473lab3.o(i.main) refers to sysctl.o(i.SysCtlPeripheralEnable) for SysCtlPeripheralEnable
    ece473lab3.o(i.main) refers to gpio.o(i.GPIOPinTypeGPIOOutput) for GPIOPinTypeGPIOOutput
    ece473lab3.o(i.main) refers to gpio.o(i.GPIOPinTypeGPIOInput) for GPIOPinTypeGPIOInput
    ece473lab3.o(i.main) refers to gpio.o(i.GPIOPinTypeADC) for GPIOPinTypeADC
    ece473lab3.o(i.main) refers to gpio.o(i.GPIOPadConfigSet) for GPIOPadConfigSet
    ece473lab3.o(i.main) refers to gpio.o(i.GPIOIntTypeSet) for GPIOIntTypeSet
    ece473lab3.o(i.main) refers to gpio.o(i.GPIOIntRegister) for GPIOIntRegister
    ece473lab3.o(i.main) refers to gpio.o(i.GPIOIntEnable) for GPIOIntEnable
    ece473lab3.o(i.main) refers to systick.o(i.SysTickEnable) for SysTickEnable
    ece473lab3.o(i.main) refers to systick.o(i.SysTickPeriodSet) for SysTickPeriodSet
    ece473lab3.o(i.main) refers to systick.o(i.SysTickIntRegister) for SysTickIntRegister
    ece473lab3.o(i.main) refers to systick.o(i.SysTickIntEnable) for SysTickIntEnable
    ece473lab3.o(i.main) refers to ece473lab3.o(i.InitConsole) for InitConsole
    ece473lab3.o(i.main) refers to uartstdio.o(i.UARTprintf) for UARTprintf
    ece473lab3.o(i.main) refers to ece473lab3.o(i.ADCInit_RangeSenor) for ADCInit_RangeSenor
    ece473lab3.o(i.main) refers to adc.o(i.ADCProcessorTrigger) for ADCProcessorTrigger
    ece473lab3.o(i.main) refers to adc.o(i.ADCIntStatus) for ADCIntStatus
    ece473lab3.o(i.main) refers to adc.o(i.ADCIntClear) for ADCIntClear
    ece473lab3.o(i.main) refers to adc.o(i.ADCSequenceDataGet) for ADCSequenceDataGet
    ece473lab3.o(i.main) refers to ece473lab3.o(i.Print_Distance_Time) for Print_Distance_Time
    ece473lab3.o(i.main) refers to sysctl.o(i.SysCtlClockGet) for SysCtlClockGet
    ece473lab3.o(i.main) refers to sysctl.o(.emb_text) for SysCtlDelay
    ece473lab3.o(i.main) refers to ece473lab3.o(i.switchInterrupt) for switchInterrupt
    ece473lab3.o(i.main) refers to ece473lab3.o(i.SysTick_IRQ_Handler) for SysTick_IRQ_Handler
    ece473lab3.o(i.main) refers to ece473lab3.o(.data) for clkscalevalue
    ece473lab3.o(i.switchInterrupt) refers to gpio.o(i.GPIOPinRead) for GPIOPinRead
    ece473lab3.o(i.switchInterrupt) refers to gpio.o(i.GPIOPinWrite) for GPIOPinWrite
    ece473lab3.o(i.switchInterrupt) refers to ece473lab3.o(i.delay) for delay
    gpio.o(i.GPIOIntNumberGet) refers to gpio.o(.constdata) for g_ppui32GPIOIntMapBlizzard
    gpio.o(i.GPIOIntRegister) refers to gpio.o(i.GPIOIntNumberGet) for GPIOIntNumberGet
    gpio.o(i.GPIOIntRegister) refers to interrupt.o(i.IntRegister) for IntRegister
[...]
    gpio.o(i.GPIOPinTypeLPC) refers to gpio.o(i.GPIODirModeSet) for GPIODirModeSet
    gpio.o(i.GPIOPinTypeLPC) refers to gpio.o(i.GPIOPadConfigSet) for GPIOPadConfigSet
    gpio.o(i.GPIOPinTypePECIRx) refers to gpio.o(i.GPIODirModeSet) for GPIODirModeSet
    gpio.o(i.GPIOPinTypePECIRx) refers to gpio.o(i.GPIOPadConfigSet) for GPIOPadConfigSet
    gpio.o(i.GPIOPinTypePECITx) refers to gpio.o(i.GPIODirModeSet) for GPIODirModeSet
    gpio.o(i.GPIOPinTypePECITx) refers to gpio.o(i.GPIOPadConfigSet) for GPIOPadConfigSet
    gpio.o(i.GPIOPinTypePWM) refers to gpio.o(i.GPIODirModeSet) for GPIODirModeSet
    gpio.o(i.GPIOPinTypePWM) refers to gpio.o(i.GPIOPadConfigSet) for GPIOPadConfigSet
    gpio.o(i.GPIOPinTypeQEI) refers to gpio.o(i.GPIODirModeSet) for GPIODirModeSet
    gpio.o(i.GPIOPinTypeQEI) refers to gpio.o(i.GPIOPadConfigSet) for GPIOPadConfigSet
    gpio.o(i.GPIOPinTypeSSI) refers to gpio.o(i.GPIODirModeSet) for GPIODirModeSet
    gpio.o(i.GPIOPinTypeSSI) refers to gpio.o(i.GPIOPadConfigSet) for GPIOPadConfigSet
    gpio.o(i.GPIOPinTypeTimer) refers to gpio.o(i.GPIODirModeSet) for GPIODirModeSet
    gpio.o(i.GPIOPinTypeTimer) refers to gpio.o(i.GPIOPadConfigSet) for GPIOPadConfigSet
    gpio.o(i.GPIOPinTypeUART) refers to gpio.o(i.GPIODirModeSet) for GPIODirModeSet
    gpio.o(i.GPIOPinTypeUART) refers to gpio.o(i.GPIOPadConfigSet) for GPIOPadConfigSet
    gpio.o(i.GPIOPinTypeUSBAnalog) refers to gpio.o(i.GPIODirModeSet) for GPIODirModeSet
    gpio.o(i.GPIOPinTypeUSBAnalog) refers to gpio.o(i.GPIOPadConfigSet) for GPIOPadConfigSet
    gpio.o(i.GPIOPinTypeUSBDigital) refers to gpio.o(i.GPIODirModeSet) for GPIODirModeSet
    gpio.o(i.GPIOPinTypeUSBDigital) refers to gpio.o(i.GPIOPadConfigSet) for GPIOPadConfigSet
    sysctl.o(i.SysCtlClockGet) refers to sysctl.o(.constdata) for g_pui32Xtals
    sysctl.o(i.SysCtlClockSet) refers to sysctl.o(.emb_text) for SysCtlDelay
    sysctl.o(i.SysCtlDeepSleep) refers to cpu.o(.emb_text) for CPUwfi
    sysctl.o(i.SysCtlIntRegister) refers to interrupt.o(i.IntRegister) for IntRegister
    sysctl.o(i.SysCtlIntRegister) refers to interrupt.o(i.IntEnable) for IntEnable
    sysctl.o(i.SysCtlIntUnregister) refers to interrupt.o(i.IntDisable) for IntDisable
    sysctl.o(i.SysCtlIntUnregister) refers to interrupt.o(i.IntUnregister) for IntUnregister
    sysctl.o(i.SysCtlSleep) refers to cpu.o(.emb_text) for CPUwfi
    uart.o(i.UARTConfigSetExpClk) refers to uart.o(i.UARTDisable) for UARTDisable
    uart.o(i.UARTConfigSetExpClk) refers to uart.o(i.UARTEnable) for UARTEnable
    uart.o(i.UARTIntNumberGet) refers to uart.o(.constdata) for g_ppui32UARTIntMap
    uart.o(i.UARTIntRegister) refers to uart.o(i.UARTIntNumberGet) for UARTIntNumberGet
    uart.o(i.UARTIntRegister) refers to interrupt.o(i.IntRegister) for IntRegister
    uart.o(i.UARTIntRegister) refers to interrupt.o(i.IntEnable) for IntEnable
    uart.o(i.UARTIntUnregister) refers to uart.o(i.UARTIntNumberGet) for UARTIntNumberGet
    uart.o(i.UARTIntUnregister) refers to interrupt.o(i.IntDisable) for IntDisable
    uart.o(i.UARTIntUnregister) refers to interrupt.o(i.IntUnregister) for IntUnregister
    adc.o(i.ADCIntRegister) refers to interrupt.o(i.IntRegister) for IntRegister
    adc.o(i.ADCIntRegister) refers to interrupt.o(i.IntEnable) for IntEnable
    adc.o(i.ADCIntUnregister) refers to adc.o(i.ADCIntNumberGet) for ADCIntNumberGet
    adc.o(i.ADCIntUnregister) refers to interrupt.o(i.IntDisable) for IntDisable
    adc.o(i.ADCIntUnregister) refers to interrupt.o(i.IntUnregister) for IntUnregister
    adc.o(i.ADCSoftwareOversampleConfigure) refers to adc.o(.data) for g_pui8OversampleFactor
    adc.o(i.ADCSoftwareOversampleDataGet) refers to adc.o(.data) for g_pui8OversampleFactor
    adc.o(i.ADCSoftwareOversampleStepConfigure) refers to adc.o(.data) for g_pui8OversampleFactor
    interrupt.o(i.IntDisable) refers to interrupt.o(.constdata) for g_pui32Dii16Regs
    interrupt.o(i.IntEnable) refers to interrupt.o(.constdata) for g_pui32EnRegs
    interrupt.o(i.IntIsEnabled) refers to interrupt.o(.constdata) for g_pui32EnRegs
    interrupt.o(i.IntMasterDisable) refers to cpu.o(.emb_text) for CPUcpsid
    interrupt.o(i.IntMasterEnable) refers to cpu.o(.emb_text) for CPUcpsie
    interrupt.o(i.IntPendClear) refers to interrupt.o(.constdata) for g_pui32UnpendRegs
    interrupt.o(i.IntPendSet) refers to interrupt.o(.constdata) for g_pui32PendRegs
    interrupt.o(i.IntPriorityGet) refers to interrupt.o(.constdata) for g_pui32Regs
    interrupt.o(i.IntPriorityGroupingGet) refers to interrupt.o(.constdata) for g_pui32Priority
    interrupt.o(i.IntPriorityGroupingSet) refers to interrupt.o(.constdata) for g_pui32Priority
    interrupt.o(i.IntPriorityMaskGet) refers to cpu.o(.emb_text) for CPUbasepriGet
    interrupt.o(i.IntPriorityMaskSet) refers to cpu.o(.emb_text) for CPUbasepriSet
    interrupt.o(i.IntPrioritySet) refers to interrupt.o(.constdata) for g_pui32Regs
    interrupt.o(i.IntRegister) refers to interrupt.o(vtable) for g_pfnRAMVectors
    interrupt.o(i.IntUnregister) refers to interrupt.o(i.IntDefaultHandler) for IntDefaultHandler
    interrupt.o(i.IntUnregister) refers to interrupt.o(vtable) for g_pfnRAMVectors
    uartstdio.o(i.UARTStdioConfig) refers to sysctl.o(i.SysCtlPeripheralPresent) for SysCtlPeripheralPresent
    uartstdio.o(i.UARTStdioConfig) refers to sysctl.o(i.SysCtlPeripheralEnable) for SysCtlPeripheralEnable
    uartstdio.o(i.UARTStdioConfig) refers to uart.o(i.UARTConfigSetExpClk) for UARTConfigSetExpClk
    uartstdio.o(i.UARTStdioConfig) refers to uart.o(i.UARTEnable) for UARTEnable
    uartstdio.o(i.UARTStdioConfig) refers to uartstdio.o(.constdata) for g_ui32UARTPeriph
    uartstdio.o(i.UARTStdioConfig) refers to uartstdio.o(.data) for g_ui32Base
    uartstdio.o(i.UARTgetc) refers to uart.o(i.UARTCharGet) for UARTCharGet
    uartstdio.o(i.UARTgetc) refers to uartstdio.o(.data) for g_ui32Base
    uartstdio.o(i.UARTgets) refers to uart.o(i.UARTCharGet) for UARTCharGet
    uartstdio.o(i.UARTgets) refers to uartstdio.o(i.UARTwrite) for UARTwrite
    uartstdio.o(i.UARTgets) refers to uart.o(i.UARTCharPut) for UARTCharPut
    uartstdio.o(i.UARTgets) refers to uartstdio.o(.data) for g_ui32Base
    uartstdio.o(i.UARTprintf) refers to uartstdio.o(i.UARTvprintf) for UARTvprintf
    uartstdio.o(i.UARTvprintf) refers to uartstdio.o(i.UARTwrite) for UARTwrite
    uartstdio.o(i.UARTvprintf) refers to uartstdio.o(.constdata) for g_pcHex
    uartstdio.o(i.UARTwrite) refers to uart.o(i.UARTCharPut) for UARTCharPut
    uartstdio.o(i.UARTwrite) refers to uartstdio.o(.data) for g_ui32Base
    uartstdio.o(.constdata) refers to uartstdio.o(.conststring) for .conststring
    systick.o(i.SysTickIntRegister) refers to interrupt.o(i.IntRegister) for IntRegister
    systick.o(i.SysTickIntUnregister) refers to interrupt.o(i.IntUnregister) for IntUnregister
    entry.o(.ARM.Collect$$$$00000000) refers (Special) to entry10a.o(.ARM.Collect$$$$0000000D) for __rt_final_cpp
    entry.o(.ARM.Collect$$$$00000000) refers (Special) to entry11a.o(.ARM.Collect$$$$0000000F) for __rt_final_exit
    entry.o(.ARM.Collect$$$$00000000) refers (Special) to entry7b.o(.ARM.Collect$$$$00000008) for _main_clock
    entry.o(.ARM.Collect$$$$00000000) refers (Special) to entry8b.o(.ARM.Collect$$$$0000000A) for _main_cpp_init
    entry.o(.ARM.Collect$$$$00000000) refers (Special) to entry9a.o(.ARM.Collect$$$$0000000B) for _main_init
    entry.o(.ARM.Collect$$$$00000000) refers (Special) to entry5.o(.ARM.Collect$$$$00000004) for _main_scatterload
    entry.o(.ARM.Collect$$$$00000000) refers (Special) to entry2.o(.ARM.Collect$$$$00000001) for _main_stk
    printfb.o(i.__0fprintf$bare) refers to printfb.o(i._printf_core) for _printf_core
    printfb.o(i.__0fprintf$bare) refers to fputc.o(i.fputc) for fputc
    printfb.o(i.__0printf$bare) refers to printfb.o(i._printf_core) for _printf_core
    printfb.o(i.__0printf$bare) refers to fputc.o(i.fputc) for fputc
    printfb.o(i.__0printf$bare) refers to stdout.o(.data) for __stdout
    printfb.o(i.__0snprintf$bare) refers to printfb.o(i._printf_core) for _printf_core
    printfb.o(i.__0snprintf$bare) refers to printfb.o(i._snputc) for _snputc
    printfb.o(i.__0sprintf$bare) refers to printfb.o(i._printf_core) for _printf_core
    printfb.o(i.__0sprintf$bare) refers to printfb.o(i._sputc) for _sputc
    printfb.o(i.__0vfprintf$bare) refers to printfb.o(i._printf_core) for _printf_core
    printfb.o(i.__0vfprintf$bare) refers to fputc.o(i.fputc) for fputc
    printfb.o(i.__0vprintf$bare) refers to printfb.o(i._printf_core) for _printf_core
    printfb.o(i.__0vprintf$bare) refers to fputc.o(i.fputc) for fputc
    printfb.o(i.__0vprintf$bare) refers to stdout.o(.data) for __stdout
    printfb.o(i.__0vsnprintf$bare) refers to printfb.o(i._printf_core) for _printf_core
    printfb.o(i.__0vsnprintf$bare) refers to printfb.o(i._snputc) for _snputc
    printfb.o(i.__0vsprintf$bare) refers to printfb.o(i._printf_core) for _printf_core
    printfb.o(i.__0vsprintf$bare) refers to printfb.o(i._sputc) for _sputc
    printf0.o(i.__0fprintf$0) refers to printf0.o(i._printf_core) for _printf_core
    printf0.o(i.__0fprintf$0) refers to fputc.o(i.fputc) for fputc
    printf0.o(i.__0printf$0) refers to printf0.o(i._printf_core) for _printf_core
    printf0.o(i.__0printf$0) refers to fputc.o(i.fputc) for fputc
    printf0.o(i.__0printf$0) refers to stdout.o(.data) for __stdout
    printf0.o(i.__0snprintf$0) refers to printf0.o(i._printf_core) for _printf_core
    printf0.o(i.__0snprintf$0) refers to printf0.o(i._snputc) for _snputc
    printf0.o(i.__0sprintf$0) refers to printf0.o(i._printf_core) for _printf_core
    printf0.o(i.__0sprintf$0) refers to printf0.o(i._sputc) for _sputc
    printf0.o(i.__0vfprintf$0) refers to printf0.o(i._printf_core) for _printf_core
    printf0.o(i.__0vfprintf$0) refers to fputc.o(i.fputc) for fputc
    printf0.o(i.__0vprintf$0) refers to printf0.o(i._printf_core) for _printf_core
    printf0.o(i.__0vprintf$0) refers to fputc.o(i.fputc) for fputc
    printf0.o(i.__0vprintf$0) refers to stdout.o(.data) for __stdout
    printf0.o(i.__0vsnprintf$0) refers to printf0.o(i._printf_core) for _printf_core
    printf0.o(i.__0vsnprintf$0) refers to printf0.o(i._snputc) for _snputc
    printf0.o(i.__0vsprintf$0) refers to printf0.o(i._printf_core) for _printf_core
    printf0.o(i.__0vsprintf$0) refers to printf0.o(i._sputc) for _sputc
    printf1.o(i.__0fprintf$1) refers to printf1.o(i._printf_core) for _printf_core
    printf1.o(i.__0fprintf$1) refers to fputc.o(i.fputc) for fputc
    printf1.o(i.__0printf$1) refers to printf1.o(i._printf_core) for _printf_core
    printf1.o(i.__0printf$1) refers to fputc.o(i.fputc) for fputc
    printf1.o(i.__0printf$1) refers to stdout.o(.data) for __stdout
    printf1.o(i.__0snprintf$1) refers to printf1.o(i._printf_core) for _printf_core
    printf1.o(i.__0snprintf$1) refers to printf1.o(i._snputc) for _snputc
    printf1.o(i.__0sprintf$1) refers to printf1.o(i._printf_core) for _printf_core
    printf1.o(i.__0sprintf$1) refers to printf1.o(i._sputc) for _sputc
    printf1.o(i.__0vfprintf$1) refers to printf1.o(i._printf_core) for _printf_core
    printf1.o(i.__0vfprintf$1) refers to fputc.o(i.fputc) for fputc
    printf1.o(i.__0vprintf$1) refers to printf1.o(i._printf_core) for _printf_core
    printf1.o(i.__0vprintf$1) refers to fputc.o(i.fputc) for fputc
    printf1.o(i.__0vprintf$1) refers to stdout.o(.data) for __stdout
    printf1.o(i.__0vsnprintf$1) refers to printf1.o(i._printf_core) for _printf_core
    printf1.o(i.__0vsnprintf$1) refers to printf1.o(i._snputc) for _snputc
    printf1.o(i.__0vsprintf$1) refers to printf1.o(i._printf_core) for _printf_core
    printf1.o(i.__0vsprintf$1) refers to printf1.o(i._sputc) for _sputc
    printf1.o(i._printf_core) refers to uidiv.o(.text) for __aeabi_uidivmod
    printf2.o(i.__0fprintf$2) refers to printf2.o(i._printf_core) for _printf_core
    printf2.o(i.__0fprintf$2) refers to fputc.o(i.fputc) for fputc
    printf2.o(i.__0printf$2) refers to printf2.o(i._printf_core) for _printf_core
    printf2.o(i.__0printf$2) refers to fputc.o(i.fputc) for fputc
    printf2.o(i.__0printf$2) refers to stdout.o(.data) for __stdout
    printf2.o(i.__0snprintf$2) refers to printf2.o(i._printf_core) for _printf_core
    printf2.o(i.__0snprintf$2) refers to printf2.o(i._snputc) for _snputc
    printf2.o(i.__0sprintf$2) refers to printf2.o(i._printf_core) for _printf_core
    printf2.o(i.__0sprintf$2) refers to printf2.o(i._sputc) for _sputc
    printf2.o(i.__0vfprintf$2) refers to printf2.o(i._printf_core) for _printf_core
    printf2.o(i.__0vfprintf$2) refers to fputc.o(i.fputc) for fputc
    printf2.o(i.__0vprintf$2) refers to printf2.o(i._printf_core) for _printf_core
    printf2.o(i.__0vprintf$2) refers to fputc.o(i.fputc) for fputc
    printf2.o(i.__0vprintf$2) refers to stdout.o(.data) for __stdout
    printf2.o(i.__0vsnprintf$2) refers to printf2.o(i._printf_core) for _printf_core
    printf2.o(i.__0vsnprintf$2) refers to printf2.o(i._snputc) for _snputc
    printf2.o(i.__0vsprintf$2) refers to printf2.o(i._printf_core) for _printf_core
    printf2.o(i.__0vsprintf$2) refers to printf2.o(i._sputc) for _sputc
    printf3.o(i.__0fprintf$3) refers to printf3.o(i._printf_core) for _printf_core
    printf3.o(i.__0fprintf$3) refers to fputc.o(i.fputc) for fputc
    printf3.o(i.__0printf$3) refers to printf3.o(i._printf_core) for _printf_core
    printf3.o(i.__0printf$3) refers to fputc.o(i.fputc) for fputc
    printf3.o(i.__0printf$3) refers to stdout.o(.data) for __stdout
    printf3.o(i.__0snprintf$3) refers to printf3.o(i._printf_core) for _printf_core
    printf3.o(i.__0snprintf$3) refers to printf3.o(i._snputc) for _snputc
    printf3.o(i.__0sprintf$3) refers to printf3.o(i._printf_core) for _printf_core
    printf3.o(i.__0sprintf$3) refers to printf3.o(i._sputc) for _sputc
    printf3.o(i.__0vfprintf$3) refers to printf3.o(i._printf_core) for _printf_core
    printf3.o(i.__0vfprintf$3) refers to fputc.o(i.fputc) for fputc
    printf3.o(i.__0vprintf$3) refers to printf3.o(i._printf_core) for _printf_core
    printf3.o(i.__0vprintf$3) refers to fputc.o(i.fputc) for fputc
    printf3.o(i.__0vprintf$3) refers to stdout.o(.data) for __stdout
    printf3.o(i.__0vsnprintf$3) refers to printf3.o(i._printf_core) for _printf_core
    printf3.o(i.__0vsnprintf$3) refers to printf3.o(i._snputc) for _snputc
    printf3.o(i.__0vsprintf$3) refers to printf3.o(i._printf_core) for _printf_core
    printf3.o(i.__0vsprintf$3) refers to printf3.o(i._sputc) for _sputc
    printf3.o(i._printf_core) refers to uidiv.o(.text) for __aeabi_uidivmod
    printf4.o(i.__0fprintf$4) refers to printf4.o(i._printf_core) for _printf_core
    printf4.o(i.__0fprintf$4) refers to fputc.o(i.fputc) for fputc
    printf4.o(i.__0printf$4) refers to printf4.o(i._printf_core) for _printf_core
    printf4.o(i.__0printf$4) refers to fputc.o(i.fputc) for fputc
    printf4.o(i.__0printf$4) refers to stdout.o(.data) for __stdout
    printf4.o(i.__0snprintf$4) refers to printf4.o(i._printf_core) for _printf_core
    printf4.o(i.__0snprintf$4) refers to printf4.o(i._snputc) for _snputc
    printf4.o(i.__0sprintf$4) refers to printf4.o(i._printf_core) for _printf_core
    printf4.o(i.__0sprintf$4) refers to printf4.o(i._sputc) for _sputc
    printf4.o(i.__0vfprintf$4) refers to printf4.o(i._printf_core) for _printf_core
    printf4.o(i.__0vfprintf$4) refers to fputc.o(i.fputc) for fputc
    printf4.o(i.__0vprintf$4) refers to printf4.o(i._printf_core) for _printf_core
    printf4.o(i.__0vprintf$4) refers to fputc.o(i.fputc) for fputc
    printf4.o(i.__0vprintf$4) refers to stdout.o(.data) for __stdout
    printf4.o(i.__0vsnprintf$4) refers to printf4.o(i._printf_core) for _printf_core
    printf4.o(i.__0vsnprintf$4) refers to printf4.o(i._snputc) for _snputc
    printf4.o(i.__0vsprintf$4) refers to printf4.o(i._printf_core) for _printf_core
    printf4.o(i.__0vsprintf$4) refers to printf4.o(i._sputc) for _sputc
    printf4.o(i._printf_core) refers to uldiv.o(.text) for __aeabi_uldivmod
    printf5.o(i.__0fprintf$5) refers to printf5.o(i._printf_core) for _printf_core
    printf5.o(i.__0fprintf$5) refers to fputc.o(i.fputc) for fputc
    printf5.o(i.__0printf$5) refers to printf5.o(i._printf_core) for _printf_core
    printf5.o(i.__0printf$5) refers to fputc.o(i.fputc) for fputc
    printf5.o(i.__0printf$5) refers to stdout.o(.data) for __stdout
    printf5.o(i.__0snprintf$5) refers to printf5.o(i._printf_core) for _printf_core
    printf5.o(i.__0snprintf$5) refers to printf5.o(i._snputc) for _snputc
    printf5.o(i.__0sprintf$5) refers to printf5.o(i._printf_core) for _printf_core
    printf5.o(i.__0sprintf$5) refers to printf5.o(i._sputc) for _sputc
    printf5.o(i.__0vfprintf$5) refers to printf5.o(i._printf_core) for _printf_core
    printf5.o(i.__0vfprintf$5) refers to fputc.o(i.fputc) for fputc
    printf5.o(i.__0vprintf$5) refers to printf5.o(i._printf_core) for _printf_core
    printf5.o(i.__0vprintf$5) refers to fputc.o(i.fputc) for fputc
    printf5.o(i.__0vprintf$5) refers to stdout.o(.data) for __stdout
    printf5.o(i.__0vsnprintf$5) refers to printf5.o(i._printf_core) for _printf_core
    printf5.o(i.__0vsnprintf$5) refers to printf5.o(i._snputc) for _snputc
    printf5.o(i.__0vsprintf$5) refers to printf5.o(i._printf_core) for _printf_core
    printf5.o(i.__0vsprintf$5) refers to printf5.o(i._sputc) for _sputc
    printf5.o(i._printf_core) refers to uldiv.o(.text) for __aeabi_uldivmod
    printf6.o(i.__0fprintf$6) refers to printf6.o(i._printf_core) for _printf_core
    printf6.o(i.__0fprintf$6) refers to fputc.o(i.fputc) for fputc
    printf6.o(i.__0printf$6) refers to printf6.o(i._printf_core) for _printf_core
    printf6.o(i.__0printf$6) refers to fputc.o(i.fputc) for fputc
    printf6.o(i.__0printf$6) refers to stdout.o(.data) for __stdout
    printf6.o(i.__0snprintf$6) refers to printf6.o(i._printf_core) for _printf_core
    printf6.o(i.__0snprintf$6) refers to printf6.o(i._snputc) for _snputc
    printf6.o(i.__0sprintf$6) refers to printf6.o(i._printf_core) for _printf_core
    printf6.o(i.__0sprintf$6) refers to printf6.o(i._sputc) for _sputc
    printf6.o(i.__0vfprintf$6) refers to printf6.o(i._printf_core) for _printf_core
    printf6.o(i.__0vfprintf$6) refers to fputc.o(i.fputc) for fputc
    printf6.o(i.__0vprintf$6) refers to printf6.o(i._printf_core) for _printf_core
    printf6.o(i.__0vprintf$6) refers to fputc.o(i.fputc) for fputc
    printf6.o(i.__0vprintf$6) refers to stdout.o(.data) for __stdout
    printf6.o(i.__0vsnprintf$6) refers to printf6.o(i._printf_core) for _printf_core
    printf6.o(i.__0vsnprintf$6) refers to printf6.o(i._snputc) for _snputc
    printf6.o(i.__0vsprintf$6) refers to printf6.o(i._printf_core) for _printf_core
    printf6.o(i.__0vsprintf$6) refers to printf6.o(i._sputc) for _sputc
    printf6.o(i._printf_core) refers to printf6.o(i._printf_pre_padding) for _printf_pre_padding
    printf6.o(i._printf_core) refers to uidiv.o(.text) for __aeabi_uidivmod
    printf6.o(i._printf_core) refers to printf6.o(i._printf_post_padding) for _printf_post_padding
    printf7.o(i.__0fprintf$7) refers to printf7.o(i._printf_core) for _printf_core
    printf7.o(i.__0fprintf$7) refers to fputc.o(i.fputc) for fputc
    printf7.o(i.__0printf$7) refers to printf7.o(i._printf_core) for _printf_core
    printf7.o(i.__0printf$7) refers to fputc.o(i.fputc) for fputc
    printf7.o(i.__0printf$7) refers to stdout.o(.data) for __stdout
    printf7.o(i.__0snprintf$7) refers to printf7.o(i._printf_core) for _printf_core
    printf7.o(i.__0snprintf$7) refers to printf7.o(i._snputc) for _snputc
    printf7.o(i.__0sprintf$7) refers to printf7.o(i._printf_core) for _printf_core
    printf7.o(i.__0sprintf$7) refers to printf7.o(i._sputc) for _sputc
    printf7.o(i.__0vfprintf$7) refers to printf7.o(i._printf_core) for _printf_core
    printf7.o(i.__0vfprintf$7) refers to fputc.o(i.fputc) for fputc
    printf7.o(i.__0vprintf$7) refers to printf7.o(i._printf_core) for _printf_core
    printf7.o(i.__0vprintf$7) refers to fputc.o(i.fputc) for fputc
    printf7.o(i.__0vprintf$7) refers to stdout.o(.data) for __stdout
    printf7.o(i.__0vsnprintf$7) refers to printf7.o(i._printf_core) for _printf_core
    printf7.o(i.__0vsnprintf$7) refers to printf7.o(i._snputc) for _snputc
    printf7.o(i.__0vsprintf$7) refers to printf7.o(i._printf_core) for _printf_core
    printf7.o(i.__0vsprintf$7) refers to printf7.o(i._sputc) for _sputc
    printf7.o(i._printf_core) refers to printf7.o(i._printf_pre_padding) for _printf_pre_padding
    printf7.o(i._printf_core) refers to uldiv.o(.text) for __aeabi_uldivmod
    printf7.o(i._printf_core) refers to printf7.o(i._printf_post_padding) for _printf_post_padding
    printf8.o(i.__0fprintf$8) refers to printf8.o(i._printf_core) for _printf_core
    printf8.o(i.__0fprintf$8) refers to fputc.o(i.fputc) for fputc
    printf8.o(i.__0printf$8) refers to printf8.o(i._printf_core) for _printf_core
    printf8.o(i.__0printf$8) refers to fputc.o(i.fputc) for fputc
    printf8.o(i.__0printf$8) refers to stdout.o(.data) for __stdout
    printf8.o(i.__0snprintf$8) refers to printf8.o(i._printf_core) for _printf_core
    printf8.o(i.__0snprintf$8) refers to printf8.o(i._snputc) for _snputc
    printf8.o(i.__0sprintf$8) refers to printf8.o(i._printf_core) for _printf_core
    printf8.o(i.__0sprintf$8) refers to printf8.o(i._sputc) for _sputc
    printf8.o(i.__0vfprintf$8) refers to printf8.o(i._printf_core) for _printf_core
    printf8.o(i.__0vfprintf$8) refers to fputc.o(i.fputc) for fputc
    printf8.o(i.__0vprintf$8) refers to printf8.o(i._printf_core) for _printf_core
    printf8.o(i.__0vprintf$8) refers to fputc.o(i.fputc) for fputc
    printf8.o(i.__0vprintf$8) refers to stdout.o(.data) for __stdout
    printf8.o(i.__0vsnprintf$8) refers to printf8.o(i._printf_core) for _printf_core
    printf8.o(i.__0vsnprintf$8) refers to printf8.o(i._snputc) for _snputc
    printf8.o(i.__0vsprintf$8) refers to printf8.o(i._printf_core) for _printf_core
    printf8.o(i.__0vsprintf$8) refers to printf8.o(i._sputc) for _sputc
    printf8.o(i._printf_core) refers to printf8.o(i._printf_pre_padding) for _printf_pre_padding
    printf8.o(i._printf_core) refers to uldiv.o(.text) for __aeabi_uldivmod
    printf8.o(i._printf_core) refers to printf8.o(i._printf_post_padding) for _printf_post_padding
    printfa.o(i.__0fprintf) refers (Special) to iusefp.o(.text) for __I$use$fp
    printfa.o(i.__0fprintf) refers to printfa.o(i._printf_core) for _printf_core
    printfa.o(i.__0fprintf) refers to fputc.o(i.fputc) for fputc
    printfa.o(i.__0printf) refers (Special) to iusefp.o(.text) for __I$use$fp
    printfa.o(i.__0printf) refers to printfa.o(i._printf_core) for _printf_core
    printfa.o(i.__0printf) refers to fputc.o(i.fputc) for fputc
    printfa.o(i.__0printf) refers to stdout.o(.data) for __stdout
    printfa.o(i.__0snprintf) refers (Special) to iusefp.o(.text) for __I$use$fp
    printfa.o(i.__0snprintf) refers to printfa.o(i._printf_core) for _printf_core
    printfa.o(i.__0snprintf) refers to printfa.o(i._snputc) for _snputc
    printfa.o(i.__0sprintf) refers (Special) to iusefp.o(.text) for __I$use$fp
    printfa.o(i.__0sprintf) refers to printfa.o(i._printf_core) for _printf_core
    printfa.o(i.__0sprintf) refers to printfa.o(i._sputc) for _sputc
    printfa.o(i.__0vfprintf) refers (Special) to iusefp.o(.text) for __I$use$fp
    printfa.o(i.__0vfprintf) refers to printfa.o(i._printf_core) for _printf_core
    printfa.o(i.__0vfprintf) refers to fputc.o(i.fputc) for fputc
    printfa.o(i.__0vprintf) refers (Special) to iusefp.o(.text) for __I$use$fp
    printfa.o(i.__0vprintf) refers to printfa.o(i._printf_core) for _printf_core
    printfa.o(i.__0vprintf) refers to fputc.o(i.fputc) for fputc
    printfa.o(i.__0vprintf) refers to stdout.o(.data) for __stdout
    printfa.o(i.__0vsnprintf) refers (Special) to iusefp.o(.text) for __I$use$fp
    printfa.o(i.__0vsnprintf) refers to printfa.o(i._printf_core) for _printf_core
    printfa.o(i.__0vsnprintf) refers to printfa.o(i._snputc) for _snputc
    printfa.o(i.__0vsprintf) refers (Special) to iusefp.o(.text) for __I$use$fp
    printfa.o(i.__0vsprintf) refers to printfa.o(i._printf_core) for _printf_core
    printfa.o(i.__0vsprintf) refers to printfa.o(i._sputc) for _sputc
    printfa.o(i._fp_digits) refers (Special) to iusefp.o(.text) for __I$use$fp
    printfa.o(i._fp_digits) refers to dmul.o(.text) for __aeabi_dmul
    printfa.o(i._fp_digits) refers to ddiv.o(.text) for __aeabi_ddiv
    printfa.o(i._fp_digits) refers to cdrcmple.o(.text) for __aeabi_cdrcmple
    printfa.o(i._fp_digits) refers to dadd.o(.text) for __aeabi_dadd
    printfa.o(i._fp_digits) refers to dfixul.o(.text) for __aeabi_d2ulz
    printfa.o(i._fp_digits) refers to uldiv.o(.text) for __aeabi_uldivmod
    printfa.o(i._printf_core) refers (Special) to iusefp.o(.text) for __I$use$fp
    printfa.o(i._printf_core) refers to printfa.o(i._printf_pre_padding) for _printf_pre_padding
    printfa.o(i._printf_core) refers to uldiv.o(.text) for __aeabi_uldivmod
    printfa.o(i._printf_core) refers to printfa.o(i._printf_post_padding) for _printf_post_padding
    printfa.o(i._printf_core) refers to printfa.o(i._fp_digits) for _fp_digits
    printfa.o(i._printf_core) refers to uidiv.o(.text) for __aeabi_uidivmod
    printfa.o(i._printf_post_padding) refers (Special) to iusefp.o(.text) for __I$use$fp
    printfa.o(i._printf_pre_padding) refers (Special) to iusefp.o(.text) for __I$use$fp
    printfa.o(i._snputc) refers (Special) to iusefp.o(.text) for __I$use$fp
    printfa.o(i._sputc) refers (Special) to iusefp.o(.text) for __I$use$fp
    f2d.o(.text) refers (Special) to iusefp.o(.text) for __I$use$fp
    entry2.o(.ARM.Collect$$$$00000001) refers to entry2.o(.ARM.Collect$$$$00002712) for __lit__00000000
    entry2.o(.ARM.Collect$$$$00002712) refers to startup.o(STACK) for __initial_sp
    entry2.o(__vectab_stack_and_reset_area) refers to startup.o(STACK) for __initial_sp
    entry2.o(__vectab_stack_and_reset_area) refers to entry.o(.ARM.Collect$$$$00000000) for __main
    entry5.o(.ARM.Collect$$$$00000004) refers to init.o(.text) for __scatterload
    entry9a.o(.ARM.Collect$$$$0000000B) refers to ece473lab3.o(i.main) for main
    entry9b.o(.ARM.Collect$$$$0000000C) refers to ece473lab3.o(i.main) for main
    fputc.o(i.fputc) refers (Special) to iusesemip.o(.text) for __I$use$semihosting$fputc
    fputc.o(i.fputc) refers (Special) to semi.o(.text) for __semihosting_library_function
    uldiv.o(.text) refers to llushr.o(.text) for __aeabi_llsr
    uldiv.o(.text) refers to llshl.o(.text) for __aeabi_llsl
    dadd.o(.text) refers to llshl.o(.text) for __aeabi_llsl
    dadd.o(.text) refers to llsshr.o(.text) for __aeabi_lasr
    dadd.o(.text) refers to depilogue.o(.text) for _double_epilogue
    dmul.o(.text) refers to depilogue.o(.text) for _double_epilogue
    ddiv.o(.text) refers to depilogue.o(.text) for _double_round
    dfixul.o(.text) refers to llushr.o(.text) for __aeabi_llsr
    dfixul.o(.text) refers to llshl.o(.text) for __aeabi_llsl
    init.o(.text) refers to entry5.o(.ARM.Collect$$$$00000004) for __main_after_scatterload
    depilogue.o(.text) refers to llshl.o(.text) for __aeabi_llsl
    depilogue.o(.text) refers to llushr.o(.text) for __aeabi_llsr


==============================================================================

Removing Unused input sections from the image.

    Removing startup.o(HEAP), (0 bytes).
    Removing startup.o(.text), (28 bytes).
    Removing ece473lab3.o(i.ADCInit), (96 bytes).
    Removing ece473lab3.o(i.PrintTemps), (40 bytes).
    Removing gpio.o(i.GPIOADCTriggerDisable), (12 bytes).
    Removing gpio.o(i.GPIOADCTriggerEnable), (12 bytes).
    Removing gpio.o(i.GPIODMATriggerDisable), (12 bytes).
    Removing gpio.o(i.GPIODMATriggerEnable), (12 bytes).
    Removing gpio.o(i.GPIODirModeGet), (46 bytes).
    Removing gpio.o(i.GPIOIntClear), (6 bytes).
    Removing gpio.o(i.GPIOIntDisable), (12 bytes).
    Removing gpio.o(i.GPIOIntStatus), (16 bytes).
    Removing gpio.o(i.GPIOIntTypeGet), (84 bytes).
    Removing gpio.o(i.GPIOIntUnregister), (26 bytes).
    Removing gpio.o(i.GPIOPadConfigGet), (146 bytes).
    Removing gpio.o(i.GPIOPinTypeCAN), (30 bytes).
    Removing gpio.o(i.GPIOPinTypeComparator), (30 bytes).
    Removing gpio.o(i.GPIOPinTypeEPI), (30 bytes).
    Removing gpio.o(i.GPIOPinTypeEthernetLED), (30 bytes).
    Removing gpio.o(i.GPIOPinTypeEthernetMII), (30 bytes).
    Removing gpio.o(i.GPIOPinTypeFan), (30 bytes).
    Removing gpio.o(i.GPIOPinTypeGPIOOutputOD), (30 bytes).
    Removing gpio.o(i.GPIOPinTypeI2C), (30 bytes).
    Removing gpio.o(i.GPIOPinTypeI2CSCL), (30 bytes).
    Removing gpio.o(i.GPIOPinTypeI2S), (30 bytes).
    Removing gpio.o(i.GPIOPinTypeLPC), (30 bytes).
    Removing gpio.o(i.GPIOPinTypePECIRx), (30 bytes).
    Removing gpio.o(i.GPIOPinTypePECITx), (30 bytes).
    Removing gpio.o(i.GPIOPinTypePWM), (30 bytes).
    Removing gpio.o(i.GPIOPinTypeQEI), (30 bytes).
    Removing gpio.o(i.GPIOPinTypeSSI), (30 bytes).
    Removing gpio.o(i.GPIOPinTypeTimer), (30 bytes).
    Removing gpio.o(i.GPIOPinTypeUSBAnalog), (30 bytes).
    Removing gpio.o(i.GPIOPinTypeUSBDigital), (30 bytes).
    Removing sysctl.o(i.SysCtlADCSpeedGet), (16 bytes).
    Removing sysctl.o(i.SysCtlADCSpeedSet), (44 bytes).
    Removing sysctl.o(i.SysCtlDeepSleep), (36 bytes).
    Removing sysctl.o(i.SysCtlDeepSleepClockSet), (12 bytes).
    Removing sysctl.o(i.SysCtlFlashSizeGet), (20 bytes).
    Removing sysctl.o(i.SysCtlGPIOAHBDisable), (24 bytes).
    Removing sysctl.o(i.SysCtlGPIOAHBEnable), (24 bytes).
    Removing sysctl.o(i.SysCtlIntClear), (12 bytes).
    Removing sysctl.o(i.SysCtlIntDisable), (16 bytes).
    Removing sysctl.o(i.SysCtlIntEnable), (16 bytes).
    Removing sysctl.o(i.SysCtlIntRegister), (20 bytes).
    Removing sysctl.o(i.SysCtlIntStatus), (20 bytes).
    Removing sysctl.o(i.SysCtlIntUnregister), (16 bytes).
    Removing sysctl.o(i.SysCtlMOSCConfigSet), (12 bytes).
    Removing sysctl.o(i.SysCtlPIOSCCalibrate), (92 bytes).
    Removing sysctl.o(i.SysCtlPWMClockGet), (28 bytes).
    Removing sysctl.o(i.SysCtlPWMClockSet), (20 bytes).
    Removing sysctl.o(i.SysCtlPeripheralClockGating), (36 bytes).
    Removing sysctl.o(i.SysCtlPeripheralDeepSleepDisable), (52 bytes).
    Removing sysctl.o(i.SysCtlPeripheralDeepSleepEnable), (52 bytes).
    Removing sysctl.o(i.SysCtlPeripheralDisable), (52 bytes).
    Removing sysctl.o(i.SysCtlPeripheralPowerOff), (52 bytes).
    Removing sysctl.o(i.SysCtlPeripheralPowerOn), (52 bytes).
    Removing sysctl.o(i.SysCtlPeripheralReady), (56 bytes).
    Removing sysctl.o(i.SysCtlPeripheralReset), (112 bytes).
    Removing sysctl.o(i.SysCtlPeripheralSleepDisable), (52 bytes).
    Removing sysctl.o(i.SysCtlPeripheralSleepEnable), (52 bytes).
    Removing sysctl.o(i.SysCtlReset), (20 bytes).
    Removing sysctl.o(i.SysCtlResetCauseClear), (16 bytes).
    Removing sysctl.o(i.SysCtlResetCauseGet), (12 bytes).
    Removing sysctl.o(i.SysCtlSRAMSizeGet), (16 bytes).
    Removing sysctl.o(i.SysCtlSleep), (8 bytes).
    Removing sysctl.o(i.SysCtlUSBPLLDisable), (20 bytes).
    Removing sysctl.o(i.SysCtlUSBPLLEnable), (20 bytes).
    Removing sysctl.o(.data), (17 bytes).
    Removing uart.o(i.UART9BitAddrSend), (44 bytes).
    Removing uart.o(i.UART9BitAddrSet), (10 bytes).
    Removing uart.o(i.UART9BitDisable), (14 bytes).
    Removing uart.o(i.UART9BitEnable), (14 bytes).
    Removing uart.o(i.UARTBreakCtl), (20 bytes).
    Removing uart.o(i.UARTBusy), (10 bytes).
    Removing uart.o(i.UARTCharGet), (18 bytes).
    Removing uart.o(i.UARTCharGetNonBlocking), (20 bytes).
    Removing uart.o(i.UARTCharPutNonBlocking), (20 bytes).
    Removing uart.o(i.UARTCharsAvail), (12 bytes).
    Removing uart.o(i.UARTClockSourceGet), (8 bytes).
    Removing uart.o(i.UARTConfigGetExpClk), (44 bytes).
    Removing uart.o(i.UARTDMADisable), (8 bytes).
    Removing uart.o(i.UARTDMAEnable), (8 bytes).
    Removing uart.o(i.UARTDisableSIR), (10 bytes).
    Removing uart.o(i.UARTEnableSIR), (22 bytes).
    Removing uart.o(i.UARTFIFODisable), (10 bytes).
    Removing uart.o(i.UARTFIFOEnable), (10 bytes).
    Removing uart.o(i.UARTFIFOLevelGet), (18 bytes).
    Removing uart.o(i.UARTFIFOLevelSet), (8 bytes).
    Removing uart.o(i.UARTFlowControlGet), (10 bytes).
    Removing uart.o(i.UARTFlowControlSet), (12 bytes).
    Removing uart.o(i.UARTIntClear), (4 bytes).
    Removing uart.o(i.UARTIntDisable), (8 bytes).
    Removing uart.o(i.UARTIntEnable), (8 bytes).
    Removing uart.o(i.UARTIntNumberGet), (44 bytes).
    Removing uart.o(i.UARTIntRegister), (30 bytes).
    Removing uart.o(i.UARTIntStatus), (12 bytes).
    Removing uart.o(i.UARTIntUnregister), (26 bytes).
    Removing uart.o(i.UARTModemControlClear), (12 bytes).
    Removing uart.o(i.UARTModemControlGet), (10 bytes).
    Removing uart.o(i.UARTModemControlSet), (12 bytes).
    Removing uart.o(i.UARTModemStatusGet), (12 bytes).
    Removing uart.o(i.UARTParityModeGet), (10 bytes).
    Removing uart.o(i.UARTParityModeSet), (12 bytes).
    Removing uart.o(i.UARTRxErrorClear), (6 bytes).
    Removing uart.o(i.UARTRxErrorGet), (10 bytes).
    Removing uart.o(i.UARTSmartCardDisable), (10 bytes).
    Removing uart.o(i.UARTSmartCardEnable), (22 bytes).
    Removing uart.o(i.UARTSpaceAvail), (12 bytes).
    Removing uart.o(i.UARTTxIntModeGet), (10 bytes).
    Removing uart.o(i.UARTTxIntModeSet), (12 bytes).
    Removing uart.o(.constdata), (64 bytes).
    Removing adc.o(i.ADCComparatorConfigure), (10 bytes).
    Removing adc.o(i.ADCComparatorIntClear), (4 bytes).
    Removing adc.o(i.ADCComparatorIntDisable), (14 bytes).
    Removing adc.o(i.ADCComparatorIntEnable), (14 bytes).
    Removing adc.o(i.ADCComparatorIntStatus), (6 bytes).
    Removing adc.o(i.ADCComparatorRegionSet), (16 bytes).
    Removing adc.o(i.ADCComparatorReset), (34 bytes).
    Removing adc.o(i.ADCHardwareOversampleConfigure), (18 bytes).
    Removing adc.o(i.ADCIntDisable), (12 bytes).
    Removing adc.o(i.ADCIntEnable), (18 bytes).
    Removing adc.o(i.ADCIntNumberGet), (60 bytes).
    Removing adc.o(i.ADCIntRegister), (52 bytes).
    Removing adc.o(i.ADCIntUnregister), (30 bytes).
    Removing adc.o(i.ADCPhaseDelayGet), (6 bytes).
    Removing adc.o(i.ADCPhaseDelaySet), (4 bytes).
    Removing adc.o(i.ADCReferenceGet), (10 bytes).
    Removing adc.o(i.ADCReferenceSet), (12 bytes).
    Removing adc.o(i.ADCSequenceDisable), (12 bytes).
    Removing adc.o(i.ADCSequenceOverflow), (12 bytes).
    Removing adc.o(i.ADCSequenceOverflowClear), (8 bytes).
    Removing adc.o(i.ADCSequenceUnderflow), (12 bytes).
    Removing adc.o(i.ADCSequenceUnderflowClear), (8 bytes).
    Removing adc.o(i.ADCSoftwareOversampleConfigure), (28 bytes).
    Removing adc.o(i.ADCSoftwareOversampleDataGet), (60 bytes).
    Removing adc.o(i.ADCSoftwareOversampleStepConfigure), (116 bytes).
    Removing adc.o(.data), (3 bytes).
    Removing interrupt.o(i.IntDefaultHandler), (4 bytes).
    Removing interrupt.o(i.IntDisable), (116 bytes).
    Removing interrupt.o(i.IntIsEnabled), (108 bytes).
    Removing interrupt.o(i.IntMasterDisable), (16 bytes).
    Removing interrupt.o(i.IntMasterEnable), (16 bytes).
    Removing interrupt.o(i.IntPendClear), (76 bytes).
    Removing interrupt.o(i.IntPendSet), (96 bytes).
    Removing interrupt.o(i.IntPriorityGet), (28 bytes).
    Removing interrupt.o(i.IntPriorityGroupingGet), (44 bytes).
    Removing interrupt.o(i.IntPriorityGroupingSet), (28 bytes).
    Removing interrupt.o(i.IntPriorityMaskGet), (8 bytes).
    Removing interrupt.o(i.IntPriorityMaskSet), (12 bytes).
    Removing interrupt.o(i.IntPrioritySet), (52 bytes).
    Removing interrupt.o(i.IntTrigger), (16 bytes).
    Removing interrupt.o(i.IntUnregister), (20 bytes).
    Removing cpu.o(.emb_text), (38 bytes).
    Removing uartstdio.o(i.UARTgetc), (20 bytes).
    Removing uartstdio.o(i.UARTgets), (144 bytes).
    Removing systick.o(i.SysTickDisable), (18 bytes).
    Removing systick.o(i.SysTickIntDisable), (18 bytes).
    Removing systick.o(i.SysTickIntUnregister), (26 bytes).
    Removing systick.o(i.SysTickPeriodGet), (10 bytes).
    Removing systick.o(i.SysTickValueGet), (8 bytes).

161 unused section(s) (total 4440 bytes) removed from the image.

==============================================================================

Image Symbol Table

    Local Symbols

    Symbol Name                              Value     Ov Type        Size  Object(Section)

    RESET                                    0x00000000   Section      660  startup.o(RESET)
    ../clib/../cmprslib/zerorunl.c           0x00000000   Number         0  __dczerorl.o ABSOLUTE
    ../clib/microlib/division.c              0x00000000   Number         0  uldiv.o ABSOLUTE
    ../clib/microlib/division.c              0x00000000   Number         0  uidiv.o ABSOLUTE
    ../clib/microlib/init/entry.s            0x00000000   Number         0  entry9a.o ABSOLUTE
    ../clib/microlib/init/entry.s            0x00000000   Number         0  entry11a.o ABSOLUTE
    ../clib/microlib/init/entry.s            0x00000000   Number         0  entry10b.o ABSOLUTE
    ../clib/microlib/init/entry.s            0x00000000   Number         0  entry10a.o ABSOLUTE
    ../clib/microlib/init/entry.s            0x00000000   Number         0  entry9b.o ABSOLUTE
    ../clib/microlib/init/entry.s            0x00000000   Number         0  entry11b.o ABSOLUTE
    ../clib/microlib/init/entry.s            0x00000000   Number         0  entry8b.o ABSOLUTE
    ../clib/microlib/init/entry.s            0x00000000   Number         0  entry8a.o ABSOLUTE
    ../clib/microlib/init/entry.s            0x00000000   Number         0  entry7b.o ABSOLUTE
    ../clib/microlib/init/entry.s            0x00000000   Number         0  entry7a.o ABSOLUTE
    ../clib/microlib/init/entry.s            0x00000000   Number         0  entry5.o ABSOLUTE
    ../clib/microlib/init/entry.s            0x00000000   Number         0  entry2.o ABSOLUTE
    ../clib/microlib/init/entry.s            0x00000000   Number         0  entry.o ABSOLUTE
    ../clib/microlib/longlong.c              0x00000000   Number         0  llsshr.o ABSOLUTE
    ../clib/microlib/longlong.c              0x00000000   Number         0  llushr.o ABSOLUTE
    ../clib/microlib/longlong.c              0x00000000   Number         0  llshl.o ABSOLUTE
    ../clib/microlib/printf/printf.c         0x00000000   Number         0  printfb.o ABSOLUTE
    ../clib/microlib/printf/printf.c         0x00000000   Number         0  printf0.o ABSOLUTE
    ../clib/microlib/printf/printf.c         0x00000000   Number         0  printf1.o ABSOLUTE
    ../clib/microlib/printf/printf.c         0x00000000   Number         0  printf7.o ABSOLUTE
    ../clib/microlib/printf/printf.c         0x00000000   Number         0  printf6.o ABSOLUTE
    ../clib/microlib/printf/printf.c         0x00000000   Number         0  printf5.o ABSOLUTE
    ../clib/microlib/printf/printf.c         0x00000000   Number         0  printf4.o ABSOLUTE
    ../clib/microlib/printf/printf.c         0x00000000   Number         0  printf3.o ABSOLUTE
    ../clib/microlib/printf/printf.c         0x00000000   Number         0  printf2.o ABSOLUTE
    ../clib/microlib/printf/printf.c         0x00000000   Number         0  printfa.o ABSOLUTE
    ../clib/microlib/printf/printf.c         0x00000000   Number         0  printf8.o ABSOLUTE
    ../clib/microlib/printf/stubs.s          0x00000000   Number         0  stubs.o ABSOLUTE
    ../clib/microlib/stdio/fputc.c           0x00000000   Number         0  fputc.o ABSOLUTE
    ../clib/microlib/stdio/semi.s            0x00000000   Number         0  semi.o ABSOLUTE
    ../clib/microlib/stdio/streams.c         0x00000000   Number         0  stdout.o ABSOLUTE
    ../clib/microlib/stubs.s                 0x00000000   Number         0  iusesemip.o ABSOLUTE
    ../clib/microlib/stubs.s                 0x00000000   Number         0  iusefp.o ABSOLUTE
    ../fplib/microlib/f2d.c                  0x00000000   Number         0  f2d.o ABSOLUTE
    ../fplib/microlib/fpadd.c                0x00000000   Number         0  dadd.o ABSOLUTE
    ../fplib/microlib/fpdiv.c                0x00000000   Number         0  ddiv.o ABSOLUTE
    ../fplib/microlib/fpepilogue.c           0x00000000   Number         0  depilogue.o ABSOLUTE
    ../fplib/microlib/fpfix.c                0x00000000   Number         0  dfixul.o ABSOLUTE
    ../fplib/microlib/fpmul.c                0x00000000   Number         0  dmul.o ABSOLUTE
    ECE473lab3.c                             0x00000000   Number         0  ece473lab3.o ABSOLUTE
    cdrcmple.s                               0x00000000   Number         0  cdrcmple.o ABSOLUTE
    dc.s                                     0x00000000   Number         0  dc.o ABSOLUTE
    driverlib\\cpu.c                         0x00000000   Number         0  cpu.o ABSOLUTE
    driverlib\\sysctl.c                      0x00000000   Number         0  sysctl.o ABSOLUTE
    driverlib\adc.c                          0x00000000   Number         0  adc.o ABSOLUTE
    driverlib\cpu.c                          0x00000000   Number         0  cpu.o ABSOLUTE
    driverlib\gpio.c                         0x00000000   Number         0  gpio.o ABSOLUTE
    driverlib\interrupt.c                    0x00000000   Number         0  interrupt.o ABSOLUTE
    driverlib\sysctl.c                       0x00000000   Number         0  sysctl.o ABSOLUTE
    driverlib\systick.c                      0x00000000   Number         0  systick.o ABSOLUTE
    driverlib\uart.c                         0x00000000   Number         0  uart.o ABSOLUTE
    handlers.s                               0x00000000   Number         0  handlers.o ABSOLUTE
    init.s                                   0x00000000   Number         0  init.o ABSOLUTE
    startup.s                                0x00000000   Number         0  startup.o ABSOLUTE
    utils\uartstdio.c                        0x00000000   Number         0  uartstdio.o ABSOLUTE
    $v0                                      0x0000026c   Number         0  startup.o(RESET)
    .ARM.Collect$$$$00000000                 0x00000294   Section        0  entry.o(.ARM.Collect$$$$00000000)
    .ARM.Collect$$$$00000001                 0x00000294   Section        4  entry2.o(.ARM.Collect$$$$00000001)
    .ARM.Collect$$$$00000004                 0x00000298   Section        4  entry5.o(.ARM.Collect$$$$00000004)
    .ARM.Collect$$$$00000008                 0x0000029c   Section        0  entry7b.o(.ARM.Collect$$$$00000008)
    .ARM.Collect$$$$0000000A                 0x0000029c   Section        0  entry8b.o(.ARM.Collect$$$$0000000A)
    .ARM.Collect$$$$0000000B                 0x0000029c   Section        8  entry9a.o(.ARM.Collect$$$$0000000B)
    .ARM.Collect$$$$0000000D                 0x000002a4   Section        0  entry10a.o(.ARM.Collect$$$$0000000D)
    .ARM.Collect$$$$0000000F                 0x000002a4   Section        0  entry11a.o(.ARM.Collect$$$$0000000F)
    .ARM.Collect$$$$00002712                 0x000002a4   Section        4  entry2.o(.ARM.Collect$$$$00002712)
    __lit__00000000                          0x000002a4   Data           4  entry2.o(.ARM.Collect$$$$00002712)
    .emb_text                                0x000002a8   Section        6  sysctl.o(.emb_text)
    $v0                                      0x000002a8   Number         0  sysctl.o(.emb_text)
    .text                                    0x000002ae   Section        0  f2d.o(.text)
    .text                                    0x000002d4   Section        0  uidiv.o(.text)
    .text                                    0x00000300   Section        0  uldiv.o(.text)
    .text                                    0x00000362   Section        0  dadd.o(.text)
    .text                                    0x00000362   Section        0  iusefp.o(.text)
    .text                                    0x000004b0   Section        0  dmul.o(.text)
    .text                                    0x00000594   Section        0  ddiv.o(.text)
    .text                                    0x00000672   Section        0  dfixul.o(.text)
    .text                                    0x000006a4   Section       48  cdrcmple.o(.text)
    .text                                    0x000006d4   Section       36  init.o(.text)
    .text                                    0x000006f8   Section        0  llshl.o(.text)
    .text                                    0x00000716   Section        0  llushr.o(.text)
    .text                                    0x00000736   Section        0  llsshr.o(.text)
    .text                                    0x0000075a   Section        0  depilogue.o(.text)
    .text                                    0x00000814   Section        0  __dczerorl.o(.text)
    i.ADCInit_RangeSenor                     0x00000850   Section        0  ece473lab3.o(i.ADCInit_RangeSenor)
    i.ADCIntClear                            0x000008b0   Section        0  adc.o(i.ADCIntClear)
    i.ADCIntStatus                           0x000008b8   Section        0  adc.o(i.ADCIntStatus)
    i.ADCProcessorTrigger                    0x000008ee   Section        0  adc.o(i.ADCProcessorTrigger)
    i.ADCSequenceConfigure                   0x00000906   Section        0  adc.o(i.ADCSequenceConfigure)
    i.ADCSequenceDataGet                     0x00000932   Section        0  adc.o(i.ADCSequenceDataGet)
    i.ADCSequenceEnable                      0x00000954   Section        0  adc.o(i.ADCSequenceEnable)
    i.ADCSequenceStepConfigure               0x00000960   Section        0  adc.o(i.ADCSequenceStepConfigure)
    i.GPIODirModeSet                         0x000009d6   Section        0  gpio.o(i.GPIODirModeSet)
    i.GPIOIntEnable                          0x00000a08   Section        0  gpio.o(i.GPIOIntEnable)
    i.GPIOIntNumberGet                       0x00000a14   Section        0  gpio.o(i.GPIOIntNumberGet)
    GPIOIntNumberGet                         0x00000a15   Thumb Code    38  gpio.o(i.GPIOIntNumberGet)
    i.GPIOIntRegister                        0x00000a40   Section        0  gpio.o(i.GPIOIntRegister)
    i.GPIOIntTypeSet                         0x00000a5e   Section        0  gpio.o(i.GPIOIntTypeSet)
    i.GPIOPadConfigSet                       0x00000ac4   Section        0  gpio.o(i.GPIOPadConfigSet)
    i.GPIOPinConfigure                       0x00000b9c   Section        0  gpio.o(i.GPIOPinConfigure)
    i.GPIOPinRead                            0x00000bec   Section        0  gpio.o(i.GPIOPinRead)
    i.GPIOPinTypeADC                         0x00000bf8   Section        0  gpio.o(i.GPIOPinTypeADC)
    i.GPIOPinTypeGPIOInput                   0x00000c16   Section        0  gpio.o(i.GPIOPinTypeGPIOInput)
    i.GPIOPinTypeGPIOOutput                  0x00000c34   Section        0  gpio.o(i.GPIOPinTypeGPIOOutput)
    i.GPIOPinTypeUART                        0x00000c52   Section        0  gpio.o(i.GPIOPinTypeUART)
    i.GPIOPinWrite                           0x00000c70   Section        0  gpio.o(i.GPIOPinWrite)
    i.InitConsole                            0x00000c7c   Section        0  ece473lab3.o(i.InitConsole)
    i.IntEnable                              0x00000cc8   Section        0  interrupt.o(i.IntEnable)
    i.IntRegister                            0x00000d3c   Section        0  interrupt.o(i.IntRegister)
    i.Print_Distance_Time                    0x00000d78   Section        0  ece473lab3.o(i.Print_Distance_Time)
    i.SysCtlClockGet                         0x00000dec   Section        0  sysctl.o(i.SysCtlClockGet)
    i.SysCtlClockSet                         0x00000ef4   Section        0  sysctl.o(i.SysCtlClockSet)
    i.SysCtlPeripheralEnable                 0x00001030   Section        0  sysctl.o(i.SysCtlPeripheralEnable)
    i.SysCtlPeripheralPresent                0x00001064   Section        0  sysctl.o(i.SysCtlPeripheralPresent)
    i.SysTickEnable                          0x0000109c   Section        0  systick.o(i.SysTickEnable)
    i.SysTickIntEnable                       0x000010ae   Section        0  systick.o(i.SysTickIntEnable)
    i.SysTickIntRegister                     0x000010c0   Section        0  systick.o(i.SysTickIntRegister)
    i.SysTickPeriodSet                       0x000010de   Section        0  systick.o(i.SysTickPeriodSet)
    i.SysTick_IRQ_Handler                    0x000010e8   Section        0  ece473lab3.o(i.SysTick_IRQ_Handler)
    i.UARTCharPut                            0x0000114c   Section        0  uart.o(i.UARTCharPut)
    i.UARTClockSourceSet                     0x0000115c   Section        0  uart.o(i.UARTClockSourceSet)
    i.UARTConfigSetExpClk                    0x00001162   Section        0  uart.o(i.UARTConfigSetExpClk)
    i.UARTDisable                            0x000011ae   Section        0  uart.o(i.UARTDisable)
    i.UARTEnable                             0x000011ce   Section        0  uart.o(i.UARTEnable)
    i.UARTStdioConfig                        0x000011e4   Section        0  uartstdio.o(i.UARTStdioConfig)
    i.UARTprintf                             0x00001234   Section        0  uartstdio.o(i.UARTprintf)
    i.UARTvprintf                            0x00001250   Section        0  uartstdio.o(i.UARTvprintf)
    i.UARTwrite                              0x000014a0   Section        0  uartstdio.o(i.UARTwrite)
    i.__0sprintf                             0x000014d4   Section        0  printfa.o(i.__0sprintf)
    i.__scatterload_copy                     0x000014fc   Section       14  handlers.o(i.__scatterload_copy)
    i.__scatterload_null                     0x0000150a   Section        2  handlers.o(i.__scatterload_null)
    i.__scatterload_zeroinit                 0x0000150c   Section       14  handlers.o(i.__scatterload_zeroinit)
    i._fp_digits                             0x0000151c   Section        0  printfa.o(i._fp_digits)
    _fp_digits                               0x0000151d   Thumb Code   366  printfa.o(i._fp_digits)
    i._printf_core                           0x000016a0   Section        0  printfa.o(i._printf_core)
    _printf_core                             0x000016a1   Thumb Code  1744  printfa.o(i._printf_core)
    i._printf_post_padding                   0x00001d7c   Section        0  printfa.o(i._printf_post_padding)
    _printf_post_padding                     0x00001d7d   Thumb Code    36  printfa.o(i._printf_post_padding)
    i._printf_pre_padding                    0x00001da0   Section        0  printfa.o(i._printf_pre_padding)
    _printf_pre_padding                      0x00001da1   Thumb Code    46  printfa.o(i._printf_pre_padding)
    i._sputc                                 0x00001dce   Section        0  printfa.o(i._sputc)
    _sputc                                   0x00001dcf   Thumb Code    10  printfa.o(i._sputc)
    i.delay                                  0x00001dd8   Section        0  ece473lab3.o(i.delay)
    i.main                                   0x00001de4   Section        0  ece473lab3.o(i.main)
    i.switchInterrupt                        0x00001fd4   Section        0  ece473lab3.o(i.switchInterrupt)
    .constdata                               0x00002014   Section      312  gpio.o(.constdata)
    g_ppui32GPIOIntMapBlizzard               0x00002014   Data         192  gpio.o(.constdata)
    g_pui32GPIOBaseAddrs                     0x000020d4   Data         120  gpio.o(.constdata)
    .constdata                               0x0000214c   Section      108  sysctl.o(.constdata)
    g_pui32Xtals                             0x0000214c   Data         108  sysctl.o(.constdata)
    .constdata                               0x000021b8   Section      268  interrupt.o(.constdata)
    g_pui32Priority                          0x000021b8   Data          32  interrupt.o(.constdata)
    g_pui32Regs                              0x000021d8   Data         156  interrupt.o(.constdata)
    g_pui32EnRegs                            0x00002274   Data          20  interrupt.o(.constdata)
    g_pui32Dii16Regs                         0x00002288   Data          20  interrupt.o(.constdata)
    g_pui32PendRegs                          0x0000229c   Data          20  interrupt.o(.constdata)
    g_pui32UnpendRegs                        0x000022b0   Data          20  interrupt.o(.constdata)
    .constdata                               0x000022c4   Section       28  uartstdio.o(.constdata)
    g_pcHex                                  0x000022c4   Data           4  uartstdio.o(.constdata)
    g_ui32UARTBase                           0x000022c8   Data          12  uartstdio.o(.constdata)
    g_ui32UARTPeriph                         0x000022d4   Data          12  uartstdio.o(.constdata)
    .conststring                             0x000022e0   Section       17  uartstdio.o(.conststring)
    .data                                    0x20000000   Section       16  ece473lab3.o(.data)
    .data                                    0x20000010   Section        5  uartstdio.o(.data)
    g_ui32Base                               0x20000010   Data           4  uartstdio.o(.data)
    bLastWasCR                               0x20000014   Data           1  uartstdio.o(.data)
    vtable                                   0x20000400   Section      620  interrupt.o(vtable)
    g_pfnRAMVectors                          0x20000400   Data         620  interrupt.o(vtable)
    STACK                                    0x20000670   Section     1024  startup.o(STACK)
    StackMem                                 0x20000670   Data           0  startup.o(STACK)

    Global Symbols

    Symbol Name                              Value     Ov Type        Size  Object(Section)

    BuildAttributes$$THM_ISAv4$E$P$D$K$B$S$7EM$VFPi3$EXTD16$VFPS$VFMA$PE$A:L22UL41UL21$X:L11$S22US41US21$IEEE1$IW$USESV6$~STKCKD$USESV7$~SHL$OSPACE$ROPI$EBA8$MICROLIB$REQ8$PRES8$EABIv2 0x00000000   Number         0  anon$$obj.o ABSOLUTE
    __ARM_use_no_argv                        0x00000000   Number         0  ece473lab3.o ABSOLUTE
    __Vectors                                0x00000000   Data           0  startup.o(RESET)
    _printf_a                                0x00000000   Number         0  stubs.o ABSOLUTE
    _printf_c                                0x00000000   Number         0  stubs.o ABSOLUTE
    _printf_charcount                        0x00000000   Number         0  stubs.o ABSOLUTE
    _printf_d                                0x00000000   Number         0  stubs.o ABSOLUTE
    _printf_e                                0x00000000   Number         0  stubs.o ABSOLUTE
    _printf_f                                0x00000000   Number         0  stubs.o ABSOLUTE
    _printf_flags                            0x00000000   Number         0  stubs.o ABSOLUTE
    _printf_fp_dec                           0x00000000   Number         0  stubs.o ABSOLUTE
    _printf_fp_hex                           0x00000000   Number         0  stubs.o ABSOLUTE
    _printf_g                                0x00000000   Number         0  stubs.o ABSOLUTE
    _printf_i                                0x00000000   Number         0  stubs.o ABSOLUTE
    _printf_int_dec                          0x00000000   Number         0  stubs.o ABSOLUTE
    _printf_l                                0x00000000   Number         0  stubs.o ABSOLUTE
    _printf_lc                               0x00000000   Number         0  stubs.o ABSOLUTE
    _printf_ll                               0x00000000   Number         0  stubs.o ABSOLUTE
    _printf_lld                              0x00000000   Number         0  stubs.o ABSOLUTE
    _printf_lli                              0x00000000   Number         0  stubs.o ABSOLUTE
    _printf_llo                              0x00000000   Number         0  stubs.o ABSOLUTE
    _printf_llu                              0x00000000   Number         0  stubs.o ABSOLUTE
    _printf_llx                              0x00000000   Number         0  stubs.o ABSOLUTE
    _printf_longlong_dec                     0x00000000   Number         0  stubs.o ABSOLUTE
    _printf_longlong_hex                     0x00000000   Number         0  stubs.o ABSOLUTE
    _printf_longlong_oct                     0x00000000   Number         0  stubs.o ABSOLUTE
    _printf_ls                               0x00000000   Number         0  stubs.o ABSOLUTE
    _printf_mbtowc                           0x00000000   Number         0  stubs.o ABSOLUTE
    _printf_n                                0x00000000   Number         0  stubs.o ABSOLUTE
    _printf_o                                0x00000000   Number         0  stubs.o ABSOLUTE
    _printf_p                                0x00000000   Number         0  stubs.o ABSOLUTE
    _printf_percent                          0x00000000   Number         0  stubs.o ABSOLUTE
    _printf_pre_padding                      0x00000000   Number         0  stubs.o ABSOLUTE
    _printf_return_value                     0x00000000   Number         0  stubs.o ABSOLUTE
    _printf_s                                0x00000000   Number         0  stubs.o ABSOLUTE
    _printf_sizespec                         0x00000000   Number         0  stubs.o ABSOLUTE
    _printf_str                              0x00000000   Number         0  stubs.o ABSOLUTE
    _printf_truncate_signed                  0x00000000   Number         0  stubs.o ABSOLUTE
    _printf_truncate_unsigned                0x00000000   Number         0  stubs.o ABSOLUTE
    _printf_u                                0x00000000   Number         0  stubs.o ABSOLUTE
    _printf_wc                               0x00000000   Number         0  stubs.o ABSOLUTE
    _printf_wctomb                           0x00000000   Number         0  stubs.o ABSOLUTE
    _printf_widthprec                        0x00000000   Number         0  stubs.o ABSOLUTE
    _printf_x                                0x00000000   Number         0  stubs.o ABSOLUTE
    __cpp_initialize__aeabi_                  - Undefined Weak Reference
    __cxa_finalize                            - Undefined Weak Reference
    _clock_init                               - Undefined Weak Reference
    _microlib_exit                            - Undefined Weak Reference
    Reset_Handler                            0x0000026d   Thumb Code     0  startup.o(RESET)
    NMI_Handler                              0x00000281   Thumb Code     2  startup.o(RESET)
    HardFault_Handler                        0x00000283   Thumb Code     2  startup.o(RESET)
    MemManage_Handler                        0x00000285   Thumb Code     2  startup.o(RESET)
    BusFault_Handler                         0x00000287   Thumb Code     2  startup.o(RESET)
    UsageFault_Handler                       0x00000289   Thumb Code     2  startup.o(RESET)
    SVC_Handler                              0x0000028b   Thumb Code     2  startup.o(RESET)
    DebugMon_Handler                         0x0000028d   Thumb Code     2  startup.o(RESET)
    PendSV_Handler                           0x0000028f   Thumb Code     2  startup.o(RESET)
    SysTick_Handler                          0x00000291   Thumb Code     2  startup.o(RESET)
    ADC0Seq0_Handler                         0x00000293   Thumb Code     0  startup.o(RESET)
    ADC0Seq1_Handler                         0x00000293   Thumb Code     0  startup.o(RESET)
    ADC0Seq2_Handler                         0x00000293   Thumb Code     0  startup.o(RESET)
    ADC0Seq3_Handler                         0x00000293   Thumb Code     0  startup.o(RESET)
    ADC1Seq0_Handler                         0x00000293   Thumb Code     0  startup.o(RESET)
    ADC1Seq1_Handler                         0x00000293   Thumb Code     0  startup.o(RESET)
    ADC1Seq2_Handler                         0x00000293   Thumb Code     0  startup.o(RESET)
    ADC1Seq3_Handler                         0x00000293   Thumb Code     0  startup.o(RESET)
    CAN0_Handler                             0x00000293   Thumb Code     0  startup.o(RESET)
    CAN1_Handler                             0x00000293   Thumb Code     0  startup.o(RESET)
    CAN2_Handler                             0x00000293   Thumb Code     0  startup.o(RESET)
    Comp0_Handler                            0x00000293   Thumb Code     0  startup.o(RESET)
    Comp1_Handler                            0x00000293   Thumb Code     0  startup.o(RESET)
    Comp2_Handler                            0x00000293   Thumb Code     0  startup.o(RESET)
    Ethernet_Handler                         0x00000293   Thumb Code     0  startup.o(RESET)
    ExtBus_Handler                           0x00000293   Thumb Code     0  startup.o(RESET)
    FPU_Handler                              0x00000293   Thumb Code     0  startup.o(RESET)
    Fan0_Handler                             0x00000293   Thumb Code     0  startup.o(RESET)
    FlashCtl_Handler                         0x00000293   Thumb Code     0  startup.o(RESET)
    GPIOPortA_Handler                        0x00000293   Thumb Code     0  startup.o(RESET)
    GPIOPortB_Handler                        0x00000293   Thumb Code     0  startup.o(RESET)
    GPIOPortC_Handler                        0x00000293   Thumb Code     0  startup.o(RESET)
    GPIOPortD_Handler                        0x00000293   Thumb Code     0  startup.o(RESET)
    GPIOPortE_Handler                        0x00000293   Thumb Code     0  startup.o(RESET)
    GPIOPortF_Handler                        0x00000293   Thumb Code     0  startup.o(RESET)
    GPIOPortG_Handler                        0x00000293   Thumb Code     0  startup.o(RESET)
    GPIOPortH_Handler                        0x00000293   Thumb Code     0  startup.o(RESET)
    GPIOPortJ_Handler                        0x00000293   Thumb Code     0  startup.o(RESET)
    GPIOPortK_Handler                        0x00000293   Thumb Code     0  startup.o(RESET)
    GPIOPortL_Handler                        0x00000293   Thumb Code     0  startup.o(RESET)
    GPIOPortM_Handler                        0x00000293   Thumb Code     0  startup.o(RESET)
    GPIOPortN_Handler                        0x00000293   Thumb Code     0  startup.o(RESET)
    GPIOPortP1_Handler                       0x00000293   Thumb Code     0  startup.o(RESET)
    GPIOPortP2_Handler                       0x00000293   Thumb Code     0  startup.o(RESET)
    GPIOPortP3_Handler                       0x00000293   Thumb Code     0  startup.o(RESET)
    GPIOPortP4_Handler                       0x00000293   Thumb Code     0  startup.o(RESET)
    GPIOPortP5_Handler                       0x00000293   Thumb Code     0  startup.o(RESET)
    GPIOPortP6_Handler                       0x00000293   Thumb Code     0  startup.o(RESET)
    GPIOPortP7_Handler                       0x00000293   Thumb Code     0  startup.o(RESET)
    GPIOPortP_Handler                        0x00000293   Thumb Code     0  startup.o(RESET)
    GPIOPortQ1_Handler                       0x00000293   Thumb Code     0  startup.o(RESET)
    GPIOPortQ2_Handler                       0x00000293   Thumb Code     0  startup.o(RESET)
    GPIOPortQ3_Handler                       0x00000293   Thumb Code     0  startup.o(RESET)
    GPIOPortQ4_Handler                       0x00000293   Thumb Code     0  startup.o(RESET)
    GPIOPortQ5_Handler                       0x00000293   Thumb Code     0  startup.o(RESET)
    GPIOPortQ6_Handler                       0x00000293   Thumb Code     0  startup.o(RESET)
    GPIOPortQ7_Handler                       0x00000293   Thumb Code     0  startup.o(RESET)
    GPIOPortQ_Handler                        0x00000293   Thumb Code     0  startup.o(RESET)
    GPIOPortR_Handler                        0x00000293   Thumb Code     0  startup.o(RESET)
    GPIOPortS_Handler                        0x00000293   Thumb Code     0  startup.o(RESET)
    Hibernate_Handler                        0x00000293   Thumb Code     0  startup.o(RESET)
    I2C0_Handler                             0x00000293   Thumb Code     0  startup.o(RESET)
    I2C1_Handler                             0x00000293   Thumb Code     0  startup.o(RESET)
    I2C2_Handler                             0x00000293   Thumb Code     0  startup.o(RESET)
    I2C3_Handler                             0x00000293   Thumb Code     0  startup.o(RESET)
    I2C4_Handler                             0x00000293   Thumb Code     0  startup.o(RESET)
    I2C5_Handler                             0x00000293   Thumb Code     0  startup.o(RESET)
    I2S0_Handler                             0x00000293   Thumb Code     0  startup.o(RESET)
    LPC0_Handler                             0x00000293   Thumb Code     0  startup.o(RESET)
    PECI0_Handler                            0x00000293   Thumb Code     0  startup.o(RESET)
    PWM0Fault_Handler                        0x00000293   Thumb Code     0  startup.o(RESET)
    PWM0Generator0_Handler                   0x00000293   Thumb Code     0  startup.o(RESET)
    PWM0Generator1_Handler                   0x00000293   Thumb Code     0  startup.o(RESET)
    PWM0Generator2_Handler                   0x00000293   Thumb Code     0  startup.o(RESET)
    PWM0Generator3_Handler                   0x00000293   Thumb Code     0  startup.o(RESET)
    PWM1Fault_Handler                        0x00000293   Thumb Code     0  startup.o(RESET)
    PWM1Generator0_Handler                   0x00000293   Thumb Code     0  startup.o(RESET)
    PWM1Generator1_Handler                   0x00000293   Thumb Code     0  startup.o(RESET)
    PWM1Generator2_Handler                   0x00000293   Thumb Code     0  startup.o(RESET)
    PWM1Generator3_Handler                   0x00000293   Thumb Code     0  startup.o(RESET)
    Quadrature0_Handler                      0x00000293   Thumb Code     0  startup.o(RESET)
    Quadrature1_Handler                      0x00000293   Thumb Code     0  startup.o(RESET)
    Quadrature2_Handler                      0x00000293   Thumb Code     0  startup.o(RESET)
    SSI0_Handler                             0x00000293   Thumb Code     0  startup.o(RESET)
    SSI1_Handler                             0x00000293   Thumb Code     0  startup.o(RESET)
    SSI2_Handler                             0x00000293   Thumb Code     0  startup.o(RESET)
    SSI3_Handler                             0x00000293   Thumb Code     0  startup.o(RESET)
    SysCtl_Handler                           0x00000293   Thumb Code     0  startup.o(RESET)
    Timer0A_Handler                          0x00000293   Thumb Code     0  startup.o(RESET)
    Timer0B_Handler                          0x00000293   Thumb Code     0  startup.o(RESET)
    Timer1A_Handler                          0x00000293   Thumb Code     0  startup.o(RESET)
    Timer1B_Handler                          0x00000293   Thumb Code     0  startup.o(RESET)
    Timer2A_Handler                          0x00000293   Thumb Code     0  startup.o(RESET)
    Timer2B_Handler                          0x00000293   Thumb Code     0  startup.o(RESET)
    Timer3A_Handler                          0x00000293   Thumb Code     0  startup.o(RESET)
    Timer3B_Handler                          0x00000293   Thumb Code     0  startup.o(RESET)
    Timer4A_Handler                          0x00000293   Thumb Code     0  startup.o(RESET)
    Timer4B_Handler                          0x00000293   Thumb Code     0  startup.o(RESET)
    Timer5A_Handler                          0x00000293   Thumb Code     0  startup.o(RESET)
    Timer5B_Handler                          0x00000293   Thumb Code     0  startup.o(RESET)
    UART0_Handler                            0x00000293   Thumb Code     0  startup.o(RESET)
    UART1_Handler                            0x00000293   Thumb Code     0  startup.o(RESET)
    UART2_Handler                            0x00000293   Thumb Code     0  startup.o(RESET)
    UART3_Handler                            0x00000293   Thumb Code     0  startup.o(RESET)
    UART4_Handler                            0x00000293   Thumb Code     0  startup.o(RESET)
    UART5_Handler                            0x00000293   Thumb Code     0  startup.o(RESET)
    UART6_Handler                            0x00000293   Thumb Code     0  startup.o(RESET)
    UART7_Handler                            0x00000293   Thumb Code     0  startup.o(RESET)
    USB0_Handler                             0x00000293   Thumb Code     0  startup.o(RESET)
    WDT_Handler                              0x00000293   Thumb Code     0  startup.o(RESET)
    WideTimer0A_Handler                      0x00000293   Thumb Code     0  startup.o(RESET)
    WideTimer0B_Handler                      0x00000293   Thumb Code     0  startup.o(RESET)
    WideTimer1A_Handler                      0x00000293   Thumb Code     0  startup.o(RESET)
    WideTimer1B_Handler                      0x00000293   Thumb Code     0  startup.o(RESET)
    WideTimer2A_Handler                      0x00000293   Thumb Code     0  startup.o(RESET)
    WideTimer2B_Handler                      0x00000293   Thumb Code     0  startup.o(RESET)
    WideTimer3A_Handler                      0x00000293   Thumb Code     0  startup.o(RESET)
    WideTimer3B_Handler                      0x00000293   Thumb Code     0  startup.o(RESET)
    WideTimer4A_Handler                      0x00000293   Thumb Code     0  startup.o(RESET)
    WideTimer4B_Handler                      0x00000293   Thumb Code     0  startup.o(RESET)
    WideTimer5A_Handler                      0x00000293   Thumb Code     0  startup.o(RESET)
    WideTimer5B_Handler                      0x00000293   Thumb Code     0  startup.o(RESET)
    uDMA_Error                               0x00000293   Thumb Code     0  startup.o(RESET)
    uDMA_Handler                             0x00000293   Thumb Code     0  startup.o(RESET)
    __main                                   0x00000295   Thumb Code     0  entry.o(.ARM.Collect$$$$00000000)
    _main_stk                                0x00000295   Thumb Code     0  entry2.o(.ARM.Collect$$$$00000001)
    _main_scatterload                        0x00000299   Thumb Code     0  entry5.o(.ARM.Collect$$$$00000004)
    __main_after_scatterload                 0x0000029d   Thumb Code     0  entry5.o(.ARM.Collect$$$$00000004)
    _main_clock                              0x0000029d   Thumb Code     0  entry7b.o(.ARM.Collect$$$$00000008)
    _main_cpp_init                           0x0000029d   Thumb Code     0  entry8b.o(.ARM.Collect$$$$0000000A)
    _main_init                               0x0000029d   Thumb Code     0  entry9a.o(.ARM.Collect$$$$0000000B)
    __rt_final_cpp                           0x000002a5   Thumb Code     0  entry10a.o(.ARM.Collect$$$$0000000D)
    __rt_final_exit                          0x000002a5   Thumb Code     0  entry11a.o(.ARM.Collect$$$$0000000F)
    SysCtlDelay                              0x000002a9   Thumb Code     6  sysctl.o(.emb_text)
    __aeabi_f2d                              0x000002af   Thumb Code    38  f2d.o(.text)
    __aeabi_uidiv                            0x000002d5   Thumb Code     0  uidiv.o(.text)
    __aeabi_uidivmod                         0x000002d5   Thumb Code    44  uidiv.o(.text)
    __aeabi_uldivmod                         0x00000301   Thumb Code    98  uldiv.o(.text)
    __I$use$fp                               0x00000363   Thumb Code     0  iusefp.o(.text)
    __aeabi_dadd                             0x00000363   Thumb Code   322  dadd.o(.text)
    __aeabi_dsub                             0x000004a5   Thumb Code     6  dadd.o(.text)
    __aeabi_drsub                            0x000004ab   Thumb Code     6  dadd.o(.text)
    __aeabi_dmul                             0x000004b1   Thumb Code   228  dmul.o(.text)
    __aeabi_ddiv                             0x00000595   Thumb Code   222  ddiv.o(.text)
    __aeabi_d2ulz                            0x00000673   Thumb Code    48  dfixul.o(.text)
    __aeabi_cdrcmple                         0x000006a5   Thumb Code    48  cdrcmple.o(.text)
    __scatterload                            0x000006d5   Thumb Code    28  init.o(.text)
    __scatterload_rt2                        0x000006d5   Thumb Code     0  init.o(.text)
    __aeabi_llsl                             0x000006f9   Thumb Code    30  llshl.o(.text)
    _ll_shift_l                              0x000006f9   Thumb Code     0  llshl.o(.text)
    __aeabi_llsr                             0x00000717   Thumb Code    32  llushr.o(.text)
    _ll_ushift_r                             0x00000717   Thumb Code     0  llushr.o(.text)
    __aeabi_lasr                             0x00000737   Thumb Code    36  llsshr.o(.text)
    _ll_sshift_r                             0x00000737   Thumb Code     0  llsshr.o(.text)
    _double_round                            0x0000075b   Thumb Code    30  depilogue.o(.text)
    _double_epilogue                         0x00000779   Thumb Code   156  depilogue.o(.text)
    __decompress                             0x00000815   Thumb Code     0  __dczerorl.o(.text)
    __decompress0                            0x00000815   Thumb Code    58  __dczerorl.o(.text)
    ADCInit_RangeSenor                       0x00000851   Thumb Code    86  ece473lab3.o(i.ADCInit_RangeSenor)
    ADCIntClear                              0x000008b1   Thumb Code     8  adc.o(i.ADCIntClear)
    ADCIntStatus                             0x000008b9   Thumb Code    54  adc.o(i.ADCIntStatus)
    ADCProcessorTrigger                      0x000008ef   Thumb Code    24  adc.o(i.ADCProcessorTrigger)
    ADCSequenceConfigure                     0x00000907   Thumb Code    44  adc.o(i.ADCSequenceConfigure)
    ADCSequenceDataGet                       0x00000933   Thumb Code    34  adc.o(i.ADCSequenceDataGet)
    ADCSequenceEnable                        0x00000955   Thumb Code    12  adc.o(i.ADCSequenceEnable)
    ADCSequenceStepConfigure                 0x00000961   Thumb Code   118  adc.o(i.ADCSequenceStepConfigure)
    GPIODirModeSet                           0x000009d7   Thumb Code    50  gpio.o(i.GPIODirModeSet)
    GPIOIntEnable                            0x00000a09   Thumb Code    12  gpio.o(i.GPIOIntEnable)
    GPIOIntRegister                          0x00000a41   Thumb Code    30  gpio.o(i.GPIOIntRegister)
    GPIOIntTypeSet                           0x00000a5f   Thumb Code   102  gpio.o(i.GPIOIntTypeSet)
    GPIOPadConfigSet                         0x00000ac5   Thumb Code   216  gpio.o(i.GPIOPadConfigSet)
    GPIOPinConfigure                         0x00000b9d   Thumb Code    70  gpio.o(i.GPIOPinConfigure)
    GPIOPinRead                              0x00000bed   Thumb Code    12  gpio.o(i.GPIOPinRead)
    GPIOPinTypeADC                           0x00000bf9   Thumb Code    30  gpio.o(i.GPIOPinTypeADC)
    GPIOPinTypeGPIOInput                     0x00000c17   Thumb Code    30  gpio.o(i.GPIOPinTypeGPIOInput)
    GPIOPinTypeGPIOOutput                    0x00000c35   Thumb Code    30  gpio.o(i.GPIOPinTypeGPIOOutput)
    GPIOPinTypeUART                          0x00000c53   Thumb Code    30  gpio.o(i.GPIOPinTypeUART)
    GPIOPinWrite                             0x00000c71   Thumb Code    10  gpio.o(i.GPIOPinWrite)
    InitConsole                              0x00000c7d   Thumb Code    60  ece473lab3.o(i.InitConsole)
    IntEnable                                0x00000cc9   Thumb Code   108  interrupt.o(i.IntEnable)
    IntRegister                              0x00000d3d   Thumb Code    52  interrupt.o(i.IntRegister)
    Print_Distance_Time                      0x00000d79   Thumb Code    64  ece473lab3.o(i.Print_Distance_Time)
    SysCtlClockGet                           0x00000ded   Thumb Code   244  sysctl.o(i.SysCtlClockGet)
    SysCtlClockSet                           0x00000ef5   Thumb Code   300  sysctl.o(i.SysCtlClockSet)
    SysCtlPeripheralEnable                   0x00001031   Thumb Code    46  sysctl.o(i.SysCtlPeripheralEnable)
    SysCtlPeripheralPresent                  0x00001065   Thumb Code    52  sysctl.o(i.SysCtlPeripheralPresent)
    SysTickEnable                            0x0000109d   Thumb Code    18  systick.o(i.SysTickEnable)
    SysTickIntEnable                         0x000010af   Thumb Code    18  systick.o(i.SysTickIntEnable)
    SysTickIntRegister                       0x000010c1   Thumb Code    30  systick.o(i.SysTickIntRegister)
    SysTickPeriodSet                         0x000010df   Thumb Code    10  systick.o(i.SysTickPeriodSet)
    SysTick_IRQ_Handler                      0x000010e9   Thumb Code    88  ece473lab3.o(i.SysTick_IRQ_Handler)
    UARTCharPut                              0x0000114d   Thumb Code    16  uart.o(i.UARTCharPut)
    UARTClockSourceSet                       0x0000115d   Thumb Code     6  uart.o(i.UARTClockSourceSet)
    UARTConfigSetExpClk                      0x00001163   Thumb Code    76  uart.o(i.UARTConfigSetExpClk)
    UARTDisable                              0x000011af   Thumb Code    32  uart.o(i.UARTDisable)
    UARTEnable                               0x000011cf   Thumb Code    20  uart.o(i.UARTEnable)
    UARTStdioConfig                          0x000011e5   Thumb Code    68  uartstdio.o(i.UARTStdioConfig)
    UARTprintf                               0x00001235   Thumb Code    26  uartstdio.o(i.UARTprintf)
    UARTvprintf                              0x00001251   Thumb Code   574  uartstdio.o(i.UARTvprintf)
    UARTwrite                                0x000014a1   Thumb Code    46  uartstdio.o(i.UARTwrite)
    __0sprintf                               0x000014d5   Thumb Code    34  printfa.o(i.__0sprintf)
    __1sprintf                               0x000014d5   Thumb Code     0  printfa.o(i.__0sprintf)
    __2sprintf                               0x000014d5   Thumb Code     0  printfa.o(i.__0sprintf)
    __c89sprintf                             0x000014d5   Thumb Code     0  printfa.o(i.__0sprintf)
    sprintf                                  0x000014d5   Thumb Code     0  printfa.o(i.__0sprintf)
    __scatterload_copy                       0x000014fd   Thumb Code    14  handlers.o(i.__scatterload_copy)
    __scatterload_null                       0x0000150b   Thumb Code     2  handlers.o(i.__scatterload_null)
    __scatterload_zeroinit                   0x0000150d   Thumb Code    14  handlers.o(i.__scatterload_zeroinit)
    delay                                    0x00001dd9   Thumb Code    12  ece473lab3.o(i.delay)
    main                                     0x00001de5   Thumb Code   290  ece473lab3.o(i.main)
    switchInterrupt                          0x00001fd5   Thumb Code    50  ece473lab3.o(i.switchInterrupt)
    Region$$Table$$Base                      0x000022f4   Number         0  anon$$obj.o(Region$$Table)
    Region$$Table$$Limit                     0x00002314   Number         0  anon$$obj.o(Region$$Table)
    clkscalevalue                            0x20000000   Data           4  ece473lab3.o(.data)
    time_msec                                0x20000004   Data           4  ece473lab3.o(.data)
    time_sec                                 0x20000008   Data           4  ece473lab3.o(.data)
    time_min                                 0x2000000c   Data           4  ece473lab3.o(.data)
    __initial_sp                             0x20000a70   Data           0  startup.o(STACK)



==============================================================================

Memory Map of the image

  Image Entry point : 0x0000026d

  Load Region LR_1 (Base: 0x00000000, Size: 0x00002980, Max: 0xffffffff, ABSOLUTE, COMPRESSED[0x00002324])

    Execution Region ER_RO (Exec base: 0x00000000, Load base: 0x00000000, Size: 0x00002314, Max: 0xffffffff, ABSOLUTE)

    Exec Addr    Load Addr    Size         Type   Attr      Idx    E Section Name        Object

    0x00000000   0x00000000   0x00000294   Code   RO            3  * RESET               startup.o
    0x00000294   0x00000294   0x00000000   Code   RO         1424  * .ARM.Collect$$$$00000000  mc_w.l(entry.o)
    0x00000294   0x00000294   0x00000004   Code   RO         1690    .ARM.Collect$$$$00000001  mc_w.l(entry2.o)
    0x00000298   0x00000298   0x00000004   Code   RO         1693    .ARM.Collect$$$$00000004  mc_w.l(entry5.o)
    0x0000029c   0x0000029c   0x00000000   Code   RO         1695    .ARM.Collect$$$$00000008  mc_w.l(entry7b.o)
    0x0000029c   0x0000029c   0x00000000   Code   RO         1697    .ARM.Collect$$$$0000000A  mc_w.l(entry8b.o)
    0x0000029c   0x0000029c   0x00000008   Code   RO         1698    .ARM.Collect$$$$0000000B  mc_w.l(entry9a.o)
    0x000002a4   0x000002a4   0x00000000   Code   RO         1700    .ARM.Collect$$$$0000000D  mc_w.l(entry10a.o)
    0x000002a4   0x000002a4   0x00000000   Code   RO         1702    .ARM.Collect$$$$0000000F  mc_w.l(entry11a.o)
    0x000002a4   0x000002a4   0x00000004   Code   RO         1691    .ARM.Collect$$$$00002712  mc_w.l(entry2.o)
    0x000002a8   0x000002a8   0x00000006   Code   RO          408    .emb_text           sysctl.o
    0x000002ae   0x000002ae   0x00000026   Code   RO         1688    .text               mf_w.l(f2d.o)
    0x000002d4   0x000002d4   0x0000002c   Code   RO         1707    .text               mc_w.l(uidiv.o)
    0x00000300   0x00000300   0x00000062   Code   RO         1709    .text               mc_w.l(uldiv.o)
    0x00000362   0x00000362   0x00000000   Code   RO         1711    .text               mc_w.l(iusefp.o)
    0x00000362   0x00000362   0x0000014e   Code   RO         1712    .text               mf_w.l(dadd.o)
    0x000004b0   0x000004b0   0x000000e4   Code   RO         1714    .text               mf_w.l(dmul.o)
    0x00000594   0x00000594   0x000000de   Code   RO         1716    .text               mf_w.l(ddiv.o)
    0x00000672   0x00000672   0x00000030   Code   RO         1718    .text               mf_w.l(dfixul.o)
    0x000006a2   0x000006a2   0x00000002   PAD
    0x000006a4   0x000006a4   0x00000030   Code   RO         1720    .text               mf_w.l(cdrcmple.o)
    0x000006d4   0x000006d4   0x00000024   Code   RO         1722    .text               mc_w.l(init.o)
    0x000006f8   0x000006f8   0x0000001e   Code   RO         1725    .text               mc_w.l(llshl.o)
    0x00000716   0x00000716   0x00000020   Code   RO         1727    .text               mc_w.l(llushr.o)
    0x00000736   0x00000736   0x00000024   Code   RO         1729    .text               mc_w.l(llsshr.o)
    0x0000075a   0x0000075a   0x000000ba   Code   RO         1732    .text               mf_w.l(depilogue.o)
    0x00000814   0x00000814   0x0000003a   Code   RO         1742    .text               mc_w.l(__dczerorl.o)
    0x0000084e   0x0000084e   0x00000002   PAD
    0x00000850   0x00000850   0x00000060   Code   RO           13    i.ADCInit_RangeSenor  ece473lab3.o
    0x000008b0   0x000008b0   0x00000008   Code   RO          965    i.ADCIntClear       adc.o
    0x000008b8   0x000008b8   0x00000036   Code   RO          970    i.ADCIntStatus      adc.o
    0x000008ee   0x000008ee   0x00000018   Code   RO          974    i.ADCProcessorTrigger  adc.o
    0x00000906   0x00000906   0x0000002c   Code   RO          977    i.ADCSequenceConfigure  adc.o
    0x00000932   0x00000932   0x00000022   Code   RO          978    i.ADCSequenceDataGet  adc.o
    0x00000954   0x00000954   0x0000000c   Code   RO          980    i.ADCSequenceEnable  adc.o
    0x00000960   0x00000960   0x00000076   Code   RO          983    i.ADCSequenceStepConfigure  adc.o
    0x000009d6   0x000009d6   0x00000032   Code   RO          124    i.GPIODirModeSet    gpio.o
    0x00000a08   0x00000a08   0x0000000c   Code   RO          127    i.GPIOIntEnable     gpio.o
    0x00000a14   0x00000a14   0x0000002c   Code   RO          128    i.GPIOIntNumberGet  gpio.o
    0x00000a40   0x00000a40   0x0000001e   Code   RO          129    i.GPIOIntRegister   gpio.o
    0x00000a5e   0x00000a5e   0x00000066   Code   RO          132    i.GPIOIntTypeSet    gpio.o
    0x00000ac4   0x00000ac4   0x000000d8   Code   RO          135    i.GPIOPadConfigSet  gpio.o
    0x00000b9c   0x00000b9c   0x00000050   Code   RO          136    i.GPIOPinConfigure  gpio.o
    0x00000bec   0x00000bec   0x0000000c   Code   RO          137    i.GPIOPinRead       gpio.o
    0x00000bf8   0x00000bf8   0x0000001e   Code   RO          138    i.GPIOPinTypeADC    gpio.o
    0x00000c16   0x00000c16   0x0000001e   Code   RO          145    i.GPIOPinTypeGPIOInput  gpio.o
    0x00000c34   0x00000c34   0x0000001e   Code   RO          146    i.GPIOPinTypeGPIOOutput  gpio.o
    0x00000c52   0x00000c52   0x0000001e   Code   RO          158    i.GPIOPinTypeUART   gpio.o
    0x00000c70   0x00000c70   0x0000000a   Code   RO          161    i.GPIOPinWrite      gpio.o
    0x00000c7a   0x00000c7a   0x00000002   PAD
    0x00000c7c   0x00000c7c   0x0000004c   Code   RO           14    i.InitConsole       ece473lab3.o
    0x00000cc8   0x00000cc8   0x00000074   Code   RO         1164    i.IntEnable         interrupt.o
    0x00000d3c   0x00000d3c   0x0000003c   Code   RO         1176    i.IntRegister       interrupt.o
    0x00000d78   0x00000d78   0x00000074   Code   RO           16    i.Print_Distance_Time  ece473lab3.o
    0x00000dec   0x00000dec   0x00000108   Code   RO          411    i.SysCtlClockGet    sysctl.o
    0x00000ef4   0x00000ef4   0x0000013c   Code   RO          412    i.SysCtlClockSet    sysctl.o
    0x00001030   0x00001030   0x00000034   Code   RO          432    i.SysCtlPeripheralEnable  sysctl.o
    0x00001064   0x00001064   0x00000038   Code   RO          435    i.SysCtlPeripheralPresent  sysctl.o
    0x0000109c   0x0000109c   0x00000012   Code   RO         1362    i.SysTickEnable     systick.o
    0x000010ae   0x000010ae   0x00000012   Code   RO         1364    i.SysTickIntEnable  systick.o
    0x000010c0   0x000010c0   0x0000001e   Code   RO         1365    i.SysTickIntRegister  systick.o
    0x000010de   0x000010de   0x0000000a   Code   RO         1368    i.SysTickPeriodSet  systick.o
    0x000010e8   0x000010e8   0x00000064   Code   RO           17    i.SysTick_IRQ_Handler  ece473lab3.o
    0x0000114c   0x0000114c   0x00000010   Code   RO          670    i.UARTCharPut       uart.o
    0x0000115c   0x0000115c   0x00000006   Code   RO          674    i.UARTClockSourceSet  uart.o
    0x00001162   0x00001162   0x0000004c   Code   RO          676    i.UARTConfigSetExpClk  uart.o
    0x000011ae   0x000011ae   0x00000020   Code   RO          679    i.UARTDisable       uart.o
    0x000011ce   0x000011ce   0x00000014   Code   RO          681    i.UARTEnable        uart.o
    0x000011e2   0x000011e2   0x00000002   PAD
    0x000011e4   0x000011e4   0x00000050   Code   RO         1282    i.UARTStdioConfig   uartstdio.o
    0x00001234   0x00001234   0x0000001a   Code   RO         1285    i.UARTprintf        uartstdio.o
    0x0000124e   0x0000124e   0x00000002   PAD
    0x00001250   0x00001250   0x00000250   Code   RO         1286    i.UARTvprintf       uartstdio.o
    0x000014a0   0x000014a0   0x00000034   Code   RO         1287    i.UARTwrite         uartstdio.o
    0x000014d4   0x000014d4   0x00000028   Code   RO         1662    i.__0sprintf        mc_w.l(printfa.o)
    0x000014fc   0x000014fc   0x0000000e   Code   RO         1736    i.__scatterload_copy  mc_w.l(handlers.o)
    0x0000150a   0x0000150a   0x00000002   Code   RO         1737    i.__scatterload_null  mc_w.l(handlers.o)
    0x0000150c   0x0000150c   0x0000000e   Code   RO         1738    i.__scatterload_zeroinit  mc_w.l(handlers.o)
    0x0000151a   0x0000151a   0x00000002   PAD
    0x0000151c   0x0000151c   0x00000184   Code   RO         1667    i._fp_digits        mc_w.l(printfa.o)
    0x000016a0   0x000016a0   0x000006dc   Code   RO         1668    i._printf_core      mc_w.l(printfa.o)
    0x00001d7c   0x00001d7c   0x00000024   Code   RO         1669    i._printf_post_padding  mc_w.l(printfa.o)
    0x00001da0   0x00001da0   0x0000002e   Code   RO         1670    i._printf_pre_padding  mc_w.l(printfa.o)
    0x00001dce   0x00001dce   0x0000000a   Code   RO         1672    i._sputc            mc_w.l(printfa.o)
    0x00001dd8   0x00001dd8   0x0000000c   Code   RO           18    i.delay             ece473lab3.o
    0x00001de4   0x00001de4   0x000001f0   Code   RO           19    i.main              ece473lab3.o
    0x00001fd4   0x00001fd4   0x00000040   Code   RO           20    i.switchInterrupt   ece473lab3.o
    0x00002014   0x00002014   0x00000138   Data   RO          162    .constdata          gpio.o
    0x0000214c   0x0000214c   0x0000006c   Data   RO          447    .constdata          sysctl.o
    0x000021b8   0x000021b8   0x0000010c   Data   RO         1179    .constdata          interrupt.o
    0x000022c4   0x000022c4   0x0000001c   Data   RO         1288    .constdata          uartstdio.o
    0x000022e0   0x000022e0   0x00000011   Data   RO         1289    .conststring        uartstdio.o
    0x000022f1   0x000022f1   0x00000003   PAD
    0x000022f4   0x000022f4   0x00000020   Data   RO         1734    Region$$Table       anon$$obj.o


    Execution Region ER_RW (Exec base: 0x20000000, Load base: 0x00002314, Size: 0x0000066c, Max: 0xffffffff, ABSOLUTE, COMPRESSED[0x00000010])

    Exec Addr    Load Addr    Size         Type   Attr      Idx    E Section Name        Object

    0x20000000   COMPRESSED   0x00000010   Data   RW           21    .data               ece473lab3.o
    0x20000010   COMPRESSED   0x00000005   Data   RW         1290    .data               uartstdio.o
    0x20000015   COMPRESSED   0x000003eb   PAD
    0x20000400   COMPRESSED   0x0000026c   Data   RW         1180    vtable              interrupt.o


    Execution Region ER_ZI (Exec base: 0x2000066c, Load base: 0x00002324, Size: 0x00000404, Max: 0xffffffff, ABSOLUTE)

    Exec Addr    Load Addr    Size         Type   Attr      Idx    E Section Name        Object

    0x2000066c   0x00002324   0x00000004   PAD
    0x20000670        -       0x00000400   Zero   RW            1    STACK               startup.o


==============================================================================

Image component sizes


      Code (inc. data)   RO Data    RW Data    ZI Data      Debug   Object Name

       294          0          0          0          0       5474   adc.o
       960        310          0         16          0      10184   ece473lab3.o
       676         16        312          0          0       9025   gpio.o
       176         16        268        620          0       2238   interrupt.o
       660        620          0          0       1024        800   startup.o
       694         46        108          0          0       4568   sysctl.o
        76          0          0          0          0       2039   systick.o
       150          0          0          0          0       2904   uart.o
       750         36         45          5          0       4860   uartstdio.o

    ----------------------------------------------------------------------
      4442       1044        768       1644       1028      42092   Object Totals
         0          0         32          0          0          0   (incl. Generated)
         6          0          3       1003          4          0   (incl. Padding)

    ----------------------------------------------------------------------

      Code (inc. data)   RO Data    RW Data    ZI Data      Debug   Library Member Name

        58          0          0          0          0          0   __dczerorl.o
         0          0          0          0          0          0   entry.o
         0          0          0          0          0          0   entry10a.o
         0          0          0          0          0          0   entry11a.o
         8          4          0          0          0          0   entry2.o
         4          0          0          0          0          0   entry5.o
         0          0          0          0          0          0   entry7b.o
         0          0          0          0          0          0   entry8b.o
         8          4          0          0          0          0   entry9a.o
        30          0          0          0          0          0   handlers.o
        36          8          0          0          0         68   init.o
         0          0          0          0          0          0   iusefp.o
        30          0          0          0          0         68   llshl.o
        36          0          0          0          0         68   llsshr.o
        32          0          0          0          0         68   llushr.o
      2276         86          0          0          0        520   printfa.o
        44          0          0          0          0         80   uidiv.o
        98          0          0          0          0         92   uldiv.o
        48          0          0          0          0         68   cdrcmple.o
       334          0          0          0          0        148   dadd.o
       222          0          0          0          0        100   ddiv.o
       186          0          0          0          0        176   depilogue.o
        48          0          0          0          0         68   dfixul.o
       228          0          0          0          0         96   dmul.o
        38          0          0          0          0         68   f2d.o

    ----------------------------------------------------------------------
      3770        102          0          0          0       1688   Library Totals
         6          0          0          0          0          0   (incl. Padding)

    ----------------------------------------------------------------------

      Code (inc. data)   RO Data    RW Data    ZI Data      Debug   Library Name

      2660        102          0          0          0        964   mc_w.l
      1104          0          0          0          0        724   mf_w.l

    ----------------------------------------------------------------------
      3770        102          0          0          0       1688   Library Totals

    ----------------------------------------------------------------------

==============================================================================


      Code (inc. data)   RO Data    RW Data    ZI Data      Debug   

      8212       1146        768       1644       1028      38932   Grand Totals
      8212       1146        768         16       1028      38932   ELF Image Totals (compressed)
      8212       1146        768         16          0          0   ROM Totals

==============================================================================

    Total RO  Size (Code + RO Data)                 8980 (   8.77kB)
    Total RW  Size (RW Data + ZI Data)              2672 (   2.61kB)
    Total ROM Size (Code + RO Data + RW Data)       8996 (   8.79kB)

==============================================================================

